../Drivers/CMSIS/Include/core_cm4.h:1648:22:__NVIC_SetPriorityGrouping	1
../Drivers/CMSIS/Include/core_cm4.h:1667:26:__NVIC_GetPriorityGrouping	1
../Drivers/CMSIS/Include/core_cm4.h:1809:22:__NVIC_SetPriority	2
../Drivers/CMSIS/Include/core_cm4.h:1856:26:NVIC_EncodePriority	2
../Drivers/STM32L4xx_HAL_Driver/Inc/stm32l4xx_ll_adc.h:3252:22:LL_ADC_SetCommonPathInternalCh	1
../Drivers/STM32L4xx_HAL_Driver/Inc/stm32l4xx_ll_adc.h:4286:22:LL_ADC_REG_SetSequencerRanks	1
../Drivers/STM32L4xx_HAL_Driver/Inc/stm32l4xx_ll_adc.h:5464:22:LL_ADC_SetChannelSamplingTime	1
../Drivers/STM32L4xx_HAL_Driver/Inc/stm32l4xx_ll_adc.h:5621:22:LL_ADC_SetChannelSingleDiff	1
../Drivers/STM32L4xx_HAL_Driver/Inc/stm32l4xx_ll_adc.h:6256:22:LL_ADC_SetOverSamplingScope	1
../Drivers/STM32L4xx_HAL_Driver/Inc/stm32l4xx_ll_adc.h:6703:22:LL_ADC_DisableDeepPowerDown	1
../Drivers/STM32L4xx_HAL_Driver/Inc/stm32l4xx_ll_adc.h:6736:22:LL_ADC_EnableInternalRegulator	1
../Drivers/STM32L4xx_HAL_Driver/Inc/stm32l4xx_ll_exti.h:377:22:LL_EXTI_DisableIT_0_31	1
../Drivers/STM32L4xx_HAL_Driver/Inc/stm32l4xx_ll_exti.h:596:22:LL_EXTI_DisableEvent_0_31	1
../Drivers/STM32L4xx_HAL_Driver/Inc/stm32l4xx_ll_i2c.h:644:22:LL_I2C_EnableClockStretching	1
../Drivers/STM32L4xx_HAL_Driver/Inc/stm32l4xx_ll_i2c.h:764:22:LL_I2C_DisableGeneralCall	1
../Drivers/STM32L4xx_HAL_Driver/Inc/stm32l4xx_ll_i2c.h:875:22:LL_I2C_SetOwnAddress2	1
../Drivers/STM32L4xx_HAL_Driver/Inc/stm32l4xx_ll_i2c.h:897:22:LL_I2C_DisableOwnAddress2	1
../Drivers/STM32L4xx_HAL_Driver/Inc/stm32l4xx_ll_i2c.h:1879:22:LL_I2C_EnableAutoEndMode	1
../Drivers/STM32L4xx_HAL_Driver/Inc/stm32l4xx_ll_rcc.h:2034:22:LL_RCC_HSE_EnableBypass	1
../Drivers/STM32L4xx_HAL_Driver/Inc/stm32l4xx_ll_rcc.h:2054:22:LL_RCC_HSE_Enable	1
../Drivers/STM32L4xx_HAL_Driver/Inc/stm32l4xx_ll_rcc.h:2074:26:LL_RCC_HSE_IsReady	2
../Drivers/STM32L4xx_HAL_Driver/Inc/stm32l4xx_ll_rcc.h:2740:22:LL_RCC_SetSysClkSource	1
../Drivers/STM32L4xx_HAL_Driver/Inc/stm32l4xx_ll_rcc.h:2754:26:LL_RCC_GetSysClkSource	1
../Drivers/STM32L4xx_HAL_Driver/Inc/stm32l4xx_ll_rcc.h:2774:22:LL_RCC_SetAHBPrescaler	1
../Drivers/STM32L4xx_HAL_Driver/Inc/stm32l4xx_ll_rcc.h:2790:22:LL_RCC_SetAPB1Prescaler	1
../Drivers/STM32L4xx_HAL_Driver/Inc/stm32l4xx_ll_rcc.h:2806:22:LL_RCC_SetAPB2Prescaler	1
../Drivers/STM32L4xx_HAL_Driver/Inc/stm32l4xx_ll_rcc.h:3011:22:LL_RCC_SetI2CClockSource	1
../Drivers/STM32L4xx_HAL_Driver/Inc/stm32l4xx_ll_bus.h:563:22:LL_AHB2_GRP1_EnableClock	1
../Drivers/STM32L4xx_HAL_Driver/Inc/stm32l4xx_ll_bus.h:1087:22:LL_APB1_GRP1_EnableClock	1
../Drivers/STM32L4xx_HAL_Driver/Inc/stm32l4xx_ll_bus.h:1673:22:LL_APB2_GRP1_EnableClock	1
../Drivers/STM32L4xx_HAL_Driver/Inc/stm32l4xx_ll_system.h:1403:22:LL_FLASH_SetLatency	1
../Drivers/STM32L4xx_HAL_Driver/Inc/stm32l4xx_ll_system.h:1431:26:LL_FLASH_GetLatency	1
../Drivers/STM32L4xx_HAL_Driver/Inc/stm32l4xx_ll_pwr.h:343:22:LL_PWR_SetRegulVoltageScaling	1
../Drivers/STM32L4xx_HAL_Driver/Inc/stm32l4xx_ll_pwr.h:1607:26:LL_PWR_IsActiveFlag_VOS	2
../Drivers/STM32L4xx_HAL_Driver/Inc/stm32l4xx_ll_spi.h:439:22:LL_SPI_SetStandard	1
../Drivers/STM32L4xx_HAL_Driver/Inc/stm32l4xx_ll_spi.h:875:22:LL_SPI_EnableNSSPulseMgt	1
../Drivers/STM32L4xx_HAL_Driver/Inc/stm32l4xx_ll_tim.h:1678:22:LL_TIM_DisableARRPreload	1
../Drivers/STM32L4xx_HAL_Driver/Inc/stm32l4xx_ll_tim.h:2395:22:LL_TIM_OC_DisableFast	9
../Drivers/STM32L4xx_HAL_Driver/Inc/stm32l4xx_ll_tim.h:2447:22:LL_TIM_OC_EnablePreload	9
../Drivers/STM32L4xx_HAL_Driver/Inc/stm32l4xx_ll_tim.h:3229:22:LL_TIM_DisableExternalClock	1
../Drivers/STM32L4xx_HAL_Driver/Inc/stm32l4xx_ll_tim.h:3266:22:LL_TIM_SetClockSource	1
../Drivers/STM32L4xx_HAL_Driver/Inc/stm32l4xx_ll_tim.h:3312:22:LL_TIM_SetTriggerOutput	1
../Drivers/STM32L4xx_HAL_Driver/Inc/stm32l4xx_ll_tim.h:3342:22:LL_TIM_SetTriggerOutput2	1
../Drivers/STM32L4xx_HAL_Driver/Inc/stm32l4xx_ll_tim.h:3409:22:LL_TIM_DisableMasterSlaveMode	1
../Drivers/STM32L4xx_HAL_Driver/Inc/stm32l4xx_ll_tim.h:3462:22:LL_TIM_ConfigETR	1
../Drivers/STM32L4xx_HAL_Driver/Inc/stm32l4xx_ll_tim.h:4077:22:LL_TIM_SetOCRefClearInputSource	1
../Drivers/STM32L4xx_HAL_Driver/Inc/stm32l4xx_ll_gpio.h:985:22:LL_GPIO_ResetOutputPin	1
../Core/Src/main.c:69:5:main	1
../Core/Src/main.c:125:6:SystemClock_Config	5
../Core/Src/main.c:164:13:MX_ADC1_Init	2
../Core/Src/main.c:246:13:MX_COMP1_Init	2
../Core/Src/main.c:298:13:MX_I2C1_Init	1
../Core/Src/main.c:357:13:MX_SPI1_Init	1
../Core/Src/main.c:422:13:MX_TIM1_Init	1
../Core/Src/main.c:510:13:MX_GPIO_Init	1
../Core/Src/main.c:567:6:Error_Handler	1
