../Drivers/STM32L4xx_HAL_Driver/Inc/stm32l4xx_ll_spi.h:918:26:LL_SPI_IsActiveFlag_RXNE	16	static
../Drivers/STM32L4xx_HAL_Driver/Inc/stm32l4xx_ll_spi.h:929:26:LL_SPI_IsActiveFlag_TXE	16	static
../Drivers/STM32L4xx_HAL_Driver/Inc/stm32l4xx_ll_spi.h:1348:25:LL_SPI_ReceiveData8	16	static
../Drivers/STM32L4xx_HAL_Driver/Inc/stm32l4xx_ll_spi.h:1371:22:LL_SPI_TransmitData8	24	static
../Drivers/STM32L4xx_HAL_Driver/Inc/stm32l4xx_ll_i2c.h:1552:26:LL_I2C_IsActiveFlag_TXE	16	static
../Drivers/STM32L4xx_HAL_Driver/Inc/stm32l4xx_ll_i2c.h:1578:26:LL_I2C_IsActiveFlag_RXNE	16	static
../Drivers/STM32L4xx_HAL_Driver/Inc/stm32l4xx_ll_i2c.h:1741:26:LL_I2C_IsActiveFlag_BUSY	16	static
../Drivers/STM32L4xx_HAL_Driver/Inc/stm32l4xx_ll_i2c.h:1977:22:LL_I2C_AcknowledgeNextData	16	static
../Drivers/STM32L4xx_HAL_Driver/Inc/stm32l4xx_ll_i2c.h:1990:22:LL_I2C_GenerateStartCondition	16	static
../Drivers/STM32L4xx_HAL_Driver/Inc/stm32l4xx_ll_i2c.h:2001:22:LL_I2C_GenerateStopCondition	16	static
../Drivers/STM32L4xx_HAL_Driver/Inc/stm32l4xx_ll_i2c.h:2133:22:LL_I2C_HandleTransfer	32	static
../Drivers/STM32L4xx_HAL_Driver/Inc/stm32l4xx_ll_i2c.h:2225:25:LL_I2C_ReceiveData8	16	static
../Drivers/STM32L4xx_HAL_Driver/Inc/stm32l4xx_ll_i2c.h:2237:22:LL_I2C_TransmitData8	16	static
../Core/Src/stm32_helper.c:5:6:spi_read	40	static
../Core/Src/stm32_helper.c:11:6:spi_write	32	static
../Core/Src/stm32_helper.c:19:9:SPI_TxRx	16	static
../Core/Src/stm32_helper.c:35:8:I2C_MasterTx	32	static
../Core/Src/stm32_helper.c:84:8:I2C_MasterRx	40	static
../Core/Src/stm32_helper.c:145:8:user_i2c_read	16	static
../Core/Src/stm32_helper.c:156:8:user_i2c_write	24	static
