../Drivers/CMSIS/Include/core_cm4.h:1667:26:__NVIC_GetPriorityGrouping	4	static
../Drivers/CMSIS/Include/core_cm4.h:1809:22:__NVIC_SetPriority	16	static
../Drivers/CMSIS/Include/core_cm4.h:1856:26:NVIC_EncodePriority	40	static
../Drivers/STM32L4xx_HAL_Driver/Inc/stm32l4xx_ll_adc.h:3252:22:LL_ADC_SetCommonPathInternalCh	16	static
../Drivers/STM32L4xx_HAL_Driver/Inc/stm32l4xx_ll_adc.h:4286:22:LL_ADC_REG_SetSequencerRanks	32	static
../Drivers/STM32L4xx_HAL_Driver/Inc/stm32l4xx_ll_adc.h:5464:22:LL_ADC_SetChannelSamplingTime	32	static
../Drivers/STM32L4xx_HAL_Driver/Inc/stm32l4xx_ll_adc.h:5621:22:LL_ADC_SetChannelSingleDiff	24	static
../Drivers/STM32L4xx_HAL_Driver/Inc/stm32l4xx_ll_adc.h:6256:22:LL_ADC_SetOverSamplingScope	16	static
../Drivers/STM32L4xx_HAL_Driver/Inc/stm32l4xx_ll_adc.h:6703:22:LL_ADC_DisableDeepPowerDown	16	static
../Drivers/STM32L4xx_HAL_Driver/Inc/stm32l4xx_ll_adc.h:6736:22:LL_ADC_EnableInternalRegulator	16	static
../Drivers/STM32L4xx_HAL_Driver/Inc/stm32l4xx_ll_exti.h:377:22:LL_EXTI_DisableIT_0_31	16	static
../Drivers/STM32L4xx_HAL_Driver/Inc/stm32l4xx_ll_exti.h:596:22:LL_EXTI_DisableEvent_0_31	16	static
../Drivers/STM32L4xx_HAL_Driver/Inc/stm32l4xx_ll_i2c.h:644:22:LL_I2C_EnableClockStretching	16	static
../Drivers/STM32L4xx_HAL_Driver/Inc/stm32l4xx_ll_i2c.h:764:22:LL_I2C_DisableGeneralCall	16	static
../Drivers/STM32L4xx_HAL_Driver/Inc/stm32l4xx_ll_i2c.h:875:22:LL_I2C_SetOwnAddress2	24	static
../Drivers/STM32L4xx_HAL_Driver/Inc/stm32l4xx_ll_i2c.h:897:22:LL_I2C_DisableOwnAddress2	16	static
../Drivers/STM32L4xx_HAL_Driver/Inc/stm32l4xx_ll_i2c.h:1879:22:LL_I2C_EnableAutoEndMode	16	static
../Drivers/STM32L4xx_HAL_Driver/Inc/stm32l4xx_ll_rcc.h:2034:22:LL_RCC_HSE_EnableBypass	4	static
../Drivers/STM32L4xx_HAL_Driver/Inc/stm32l4xx_ll_rcc.h:2054:22:LL_RCC_HSE_Enable	4	static
../Drivers/STM32L4xx_HAL_Driver/Inc/stm32l4xx_ll_rcc.h:2074:26:LL_RCC_HSE_IsReady	4	static
../Drivers/STM32L4xx_HAL_Driver/Inc/stm32l4xx_ll_rcc.h:2268:22:LL_RCC_LSE_Enable	4	static
../Drivers/STM32L4xx_HAL_Driver/Inc/stm32l4xx_ll_rcc.h:2314:22:LL_RCC_LSE_SetDriveCapability	16	static
../Drivers/STM32L4xx_HAL_Driver/Inc/stm32l4xx_ll_rcc.h:2360:26:LL_RCC_LSE_IsReady	4	static
../Drivers/STM32L4xx_HAL_Driver/Inc/stm32l4xx_ll_rcc.h:2422:22:LL_RCC_LSI_Enable	4	static
../Drivers/STM32L4xx_HAL_Driver/Inc/stm32l4xx_ll_rcc.h:2442:26:LL_RCC_LSI_IsReady	4	static
../Drivers/STM32L4xx_HAL_Driver/Inc/stm32l4xx_ll_rcc.h:2740:22:LL_RCC_SetSysClkSource	16	static
../Drivers/STM32L4xx_HAL_Driver/Inc/stm32l4xx_ll_rcc.h:2754:26:LL_RCC_GetSysClkSource	4	static
../Drivers/STM32L4xx_HAL_Driver/Inc/stm32l4xx_ll_rcc.h:2774:22:LL_RCC_SetAHBPrescaler	16	static
../Drivers/STM32L4xx_HAL_Driver/Inc/stm32l4xx_ll_rcc.h:2790:22:LL_RCC_SetAPB1Prescaler	16	static
../Drivers/STM32L4xx_HAL_Driver/Inc/stm32l4xx_ll_rcc.h:2806:22:LL_RCC_SetAPB2Prescaler	16	static
../Drivers/STM32L4xx_HAL_Driver/Inc/stm32l4xx_ll_rcc.h:2950:22:LL_RCC_SetUSARTClockSource	16	static
../Drivers/STM32L4xx_HAL_Driver/Inc/stm32l4xx_ll_rcc.h:3011:22:LL_RCC_SetI2CClockSource	24	static
../Drivers/STM32L4xx_HAL_Driver/Inc/stm32l4xx_ll_rcc.h:3031:22:LL_RCC_SetLPTIMClockSource	16	static
../Drivers/STM32L4xx_HAL_Driver/Inc/stm32l4xx_ll_rcc.h:3731:22:LL_RCC_PLL_Enable	4	static
../Drivers/STM32L4xx_HAL_Driver/Inc/stm32l4xx_ll_rcc.h:3752:26:LL_RCC_PLL_IsReady	4	static
../Drivers/STM32L4xx_HAL_Driver/Inc/stm32l4xx_ll_rcc.h:3798:22:LL_RCC_PLL_ConfigDomain_SYS	24	static
../Drivers/STM32L4xx_HAL_Driver/Inc/stm32l4xx_ll_rcc.h:4197:22:LL_RCC_PLL_EnableDomain_SYS	4	static
../Drivers/STM32L4xx_HAL_Driver/Inc/stm32l4xx_ll_bus.h:563:22:LL_AHB2_GRP1_EnableClock	24	static
../Drivers/STM32L4xx_HAL_Driver/Inc/stm32l4xx_ll_bus.h:1087:22:LL_APB1_GRP1_EnableClock	24	static
../Drivers/STM32L4xx_HAL_Driver/Inc/stm32l4xx_ll_bus.h:1673:22:LL_APB2_GRP1_EnableClock	24	static
../Drivers/STM32L4xx_HAL_Driver/Inc/stm32l4xx_ll_system.h:1403:22:LL_FLASH_SetLatency	16	static
../Drivers/STM32L4xx_HAL_Driver/Inc/stm32l4xx_ll_system.h:1431:26:LL_FLASH_GetLatency	4	static
../Drivers/STM32L4xx_HAL_Driver/Inc/stm32l4xx_ll_pwr.h:343:22:LL_PWR_SetRegulVoltageScaling	16	static
../Drivers/STM32L4xx_HAL_Driver/Inc/stm32l4xx_ll_pwr.h:397:22:LL_PWR_EnableBkUpAccess	4	static
../Drivers/STM32L4xx_HAL_Driver/Inc/stm32l4xx_ll_pwr.h:1607:26:LL_PWR_IsActiveFlag_VOS	4	static
../Drivers/STM32L4xx_HAL_Driver/Inc/stm32l4xx_ll_spi.h:439:22:LL_SPI_SetStandard	16	static
../Drivers/STM32L4xx_HAL_Driver/Inc/stm32l4xx_ll_spi.h:875:22:LL_SPI_EnableNSSPulseMgt	16	static
../Drivers/STM32L4xx_HAL_Driver/Inc/stm32l4xx_ll_spi.h:918:26:LL_SPI_IsActiveFlag_RXNE	16	static
../Drivers/STM32L4xx_HAL_Driver/Inc/stm32l4xx_ll_spi.h:929:26:LL_SPI_IsActiveFlag_TXE	16	static
../Drivers/STM32L4xx_HAL_Driver/Inc/stm32l4xx_ll_spi.h:1348:25:LL_SPI_ReceiveData8	16	static
../Drivers/STM32L4xx_HAL_Driver/Inc/stm32l4xx_ll_spi.h:1371:22:LL_SPI_TransmitData8	24	static
../Drivers/STM32L4xx_HAL_Driver/Inc/stm32l4xx_ll_tim.h:1678:22:LL_TIM_DisableARRPreload	16	static
../Drivers/STM32L4xx_HAL_Driver/Inc/stm32l4xx_ll_tim.h:2395:22:LL_TIM_OC_DisableFast	24	static
../Drivers/STM32L4xx_HAL_Driver/Inc/stm32l4xx_ll_tim.h:2447:22:LL_TIM_OC_EnablePreload	24	static
../Drivers/STM32L4xx_HAL_Driver/Inc/stm32l4xx_ll_tim.h:3229:22:LL_TIM_DisableExternalClock	16	static
../Drivers/STM32L4xx_HAL_Driver/Inc/stm32l4xx_ll_tim.h:3266:22:LL_TIM_SetClockSource	16	static
../Drivers/STM32L4xx_HAL_Driver/Inc/stm32l4xx_ll_tim.h:3312:22:LL_TIM_SetTriggerOutput	16	static
../Drivers/STM32L4xx_HAL_Driver/Inc/stm32l4xx_ll_tim.h:3342:22:LL_TIM_SetTriggerOutput2	16	static
../Drivers/STM32L4xx_HAL_Driver/Inc/stm32l4xx_ll_tim.h:3409:22:LL_TIM_DisableMasterSlaveMode	16	static
../Drivers/STM32L4xx_HAL_Driver/Inc/stm32l4xx_ll_tim.h:3462:22:LL_TIM_ConfigETR	24	static
../Drivers/STM32L4xx_HAL_Driver/Inc/stm32l4xx_ll_tim.h:4077:22:LL_TIM_SetOCRefClearInputSource	16	static
../Drivers/STM32L4xx_HAL_Driver/Inc/stm32l4xx_ll_gpio.h:956:22:LL_GPIO_SetOutputPin	16	static
../Drivers/STM32L4xx_HAL_Driver/Inc/stm32l4xx_ll_gpio.h:985:22:LL_GPIO_ResetOutputPin	16	static
../Drivers/STM32L4xx_HAL_Driver/Inc/stm32l4xx_ll_lptim.h:474:22:LL_LPTIM_SetUpdateMode	16	static
../Drivers/STM32L4xx_HAL_Driver/Inc/stm32l4xx_ll_lptim.h:599:22:LL_LPTIM_SetCounterMode	16	static
../Drivers/STM32L4xx_HAL_Driver/Inc/stm32l4xx_ll_lptim.h:675:22:LL_LPTIM_SetPolarity	16	static
../Drivers/STM32L4xx_HAL_Driver/Inc/stm32l4xx_ll_lptim.h:713:22:LL_LPTIM_SetPrescaler	16	static
../Drivers/STM32L4xx_HAL_Driver/Inc/stm32l4xx_ll_lptim.h:748:22:LL_LPTIM_SetInput1Src	16	static
../Drivers/STM32L4xx_HAL_Driver/Inc/stm32l4xx_ll_lptim.h:762:22:LL_LPTIM_SetInput2Src	16	static
../Drivers/STM32L4xx_HAL_Driver/Inc/stm32l4xx_ll_lptim.h:824:22:LL_LPTIM_TrigSw	16	static
../Drivers/STM32L4xx_HAL_Driver/Inc/stm32l4xx_ll_lptim.h:929:22:LL_LPTIM_SetClockSource	16	static
../Drivers/STM32L4xx_HAL_Driver/Inc/stm32l4xx_ll_usart.h:693:22:LL_USART_Enable	16	static
../Drivers/STM32L4xx_HAL_Driver/Inc/stm32l4xx_ll_usart.h:2810:22:LL_USART_ConfigAsyncMode	16	static
../Drivers/STM32L4xx_HAL_Driver/Inc/stm32l4xx_ll_iwdg.h:141:22:LL_IWDG_Enable	16	static
../Drivers/STM32L4xx_HAL_Driver/Inc/stm32l4xx_ll_iwdg.h:152:22:LL_IWDG_ReloadCounter	16	static
../Drivers/STM32L4xx_HAL_Driver/Inc/stm32l4xx_ll_iwdg.h:163:22:LL_IWDG_EnableWriteAccess	16	static
../Drivers/STM32L4xx_HAL_Driver/Inc/stm32l4xx_ll_iwdg.h:193:22:LL_IWDG_SetPrescaler	16	static
../Drivers/STM32L4xx_HAL_Driver/Inc/stm32l4xx_ll_iwdg.h:223:22:LL_IWDG_SetReloadCounter	16	static
../Drivers/STM32L4xx_HAL_Driver/Inc/stm32l4xx_ll_iwdg.h:311:26:LL_IWDG_IsReady	16	static
../Core/Src/stm32_helper.c:7:6:gpio_put	24	static
../Core/Src/stm32_helper.c:14:6:spi_read	40	static
../Core/Src/stm32_helper.c:20:6:spi_read_write	40	static
../Core/Src/stm32_helper.c:27:6:spi_write	32	static
../Core/Src/stm32_helper.c:34:9:spi_transfer	16	static
../Core/Src/stm32_helper.c:112:6:SystemClock_Config	8	static
../Core/Src/stm32_helper.c:164:6:MX_ADC1_Init	88	static
../Core/Src/stm32_helper.c:254:6:MX_COMP1_Init	64	static
../Core/Src/stm32_helper.c:305:6:MX_I2C1_Init	64	static
../Core/Src/stm32_helper.c:362:6:MX_SPI1_Init	72	static
../Core/Src/stm32_helper.c:425:6:MX_TIM1_Init	128	static
../Core/Src/stm32_helper.c:512:6:MX_GPIO_Init	32	static
../Core/Src/stm32_helper.c:566:6:MX_LPTIM1_Init	8	static
../Core/Src/stm32_helper.c:603:6:MX_USART2_UART_Init	64	static
../Core/Src/stm32_helper.c:664:6:MX_IWDG_Init	8	static
