../Drivers/STM32WLxx_HAL_Driver/Inc/stm32wlxx_ll_pwr.h:379:22:LL_PWR_SetRegulVoltageScaling	1
../Drivers/STM32WLxx_HAL_Driver/Inc/stm32wlxx_ll_pwr.h:401:22:LL_PWR_EnableBkUpAccess	1
../Drivers/STM32WLxx_HAL_Driver/Inc/stm32wlxx_ll_rcc.h:1201:22:LL_RCC_LSE_Enable	1
../Drivers/STM32WLxx_HAL_Driver/Inc/stm32wlxx_ll_rcc.h:1257:22:LL_RCC_LSE_SetDriveCapability	1
../Drivers/STM32WLxx_HAL_Driver/Inc/stm32wlxx_ll_rcc.h:1303:22:LL_RCC_LSE_EnablePropagation	1
../Drivers/STM32WLxx_HAL_Driver/Inc/stm32wlxx_ll_rcc.h:1334:26:LL_RCC_LSE_IsReady	2
../Drivers/STM32WLxx_HAL_Driver/Inc/stm32wlxx_ll_rcc.h:1427:22:LL_RCC_MSI_Enable	1
../Drivers/STM32WLxx_HAL_Driver/Inc/stm32wlxx_ll_rcc.h:1447:26:LL_RCC_MSI_IsReady	2
../Drivers/STM32WLxx_HAL_Driver/Inc/stm32wlxx_ll_rcc.h:1461:22:LL_RCC_MSI_EnablePLLMode	1
../Drivers/STM32WLxx_HAL_Driver/Inc/stm32wlxx_ll_rcc.h:1486:22:LL_RCC_MSI_EnableRangeSelection	1
../Drivers/STM32WLxx_HAL_Driver/Inc/stm32wlxx_ll_rcc.h:1519:22:LL_RCC_MSI_SetRange	1
../Drivers/STM32WLxx_HAL_Driver/Inc/stm32wlxx_ll_rcc.h:1594:22:LL_RCC_MSI_SetCalibTrimming	1
../Drivers/STM32WLxx_HAL_Driver/Inc/stm32wlxx_ll_rcc.h:1730:22:LL_RCC_SetSysClkSource	1
../Drivers/STM32WLxx_HAL_Driver/Inc/stm32wlxx_ll_rcc.h:1744:26:LL_RCC_GetSysClkSource	1
../Drivers/STM32WLxx_HAL_Driver/Inc/stm32wlxx_ll_rcc.h:1770:22:LL_RCC_SetAHBPrescaler	1
../Drivers/STM32WLxx_HAL_Driver/Inc/stm32wlxx_ll_rcc.h:1822:22:LL_RCC_SetAHB3Prescaler	1
../Drivers/STM32WLxx_HAL_Driver/Inc/stm32wlxx_ll_rcc.h:1838:22:LL_RCC_SetAPB1Prescaler	1
../Drivers/STM32WLxx_HAL_Driver/Inc/stm32wlxx_ll_rcc.h:1854:22:LL_RCC_SetAPB2Prescaler	1
../Drivers/STM32WLxx_HAL_Driver/Inc/stm32wlxx_ll_system.h:1582:22:LL_FLASH_SetLatency	1
../Drivers/STM32WLxx_HAL_Driver/Inc/stm32wlxx_ll_system.h:1595:26:LL_FLASH_GetLatency	1
../Core/Src/main.c:135:5:main	11
../Core/Src/main.c:299:6:SystemClock_Config	6
../Core/Src/main.c:351:6:Error_Handler	1
