Archive member included to satisfy reference by file (symbol)

/Applications/STM32CubeIDE.app/Contents/Eclipse/plugins/com.st.stm32cube.ide.mcu.externaltools.gnu-tools-for-stm32.12.3.rel1.macos64_1.0.200.202406191456/tools/bin/../lib/gcc/arm-none-eabi/12.3.1/../../../../arm-none-eabi/lib/thumb/v7e-m+fp/hard/libc_nano.a(libc_a-exit.o)
                              /Applications/STM32CubeIDE.app/Contents/Eclipse/plugins/com.st.stm32cube.ide.mcu.externaltools.gnu-tools-for-stm32.12.3.rel1.macos64_1.0.200.202406191456/tools/bin/../lib/gcc/arm-none-eabi/12.3.1/../../../../arm-none-eabi/lib/thumb/v7e-m+fp/hard/crt0.o (exit)
/Applications/STM32CubeIDE.app/Contents/Eclipse/plugins/com.st.stm32cube.ide.mcu.externaltools.gnu-tools-for-stm32.12.3.rel1.macos64_1.0.200.202406191456/tools/bin/../lib/gcc/arm-none-eabi/12.3.1/../../../../arm-none-eabi/lib/thumb/v7e-m+fp/hard/libc_nano.a(libc_a-findfp.o)
                              /Applications/STM32CubeIDE.app/Contents/Eclipse/plugins/com.st.stm32cube.ide.mcu.externaltools.gnu-tools-for-stm32.12.3.rel1.macos64_1.0.200.202406191456/tools/bin/../lib/gcc/arm-none-eabi/12.3.1/../../../../arm-none-eabi/lib/thumb/v7e-m+fp/hard/libc_nano.a(libc_a-exit.o) (__stdio_exit_handler)
/Applications/STM32CubeIDE.app/Contents/Eclipse/plugins/com.st.stm32cube.ide.mcu.externaltools.gnu-tools-for-stm32.12.3.rel1.macos64_1.0.200.202406191456/tools/bin/../lib/gcc/arm-none-eabi/12.3.1/../../../../arm-none-eabi/lib/thumb/v7e-m+fp/hard/libc_nano.a(libc_a-fwalk.o)
                              /Applications/STM32CubeIDE.app/Contents/Eclipse/plugins/com.st.stm32cube.ide.mcu.externaltools.gnu-tools-for-stm32.12.3.rel1.macos64_1.0.200.202406191456/tools/bin/../lib/gcc/arm-none-eabi/12.3.1/../../../../arm-none-eabi/lib/thumb/v7e-m+fp/hard/libc_nano.a(libc_a-findfp.o) (_fwalk_sglue)
/Applications/STM32CubeIDE.app/Contents/Eclipse/plugins/com.st.stm32cube.ide.mcu.externaltools.gnu-tools-for-stm32.12.3.rel1.macos64_1.0.200.202406191456/tools/bin/../lib/gcc/arm-none-eabi/12.3.1/../../../../arm-none-eabi/lib/thumb/v7e-m+fp/hard/libc_nano.a(libc_a-memset.o)
                              /Applications/STM32CubeIDE.app/Contents/Eclipse/plugins/com.st.stm32cube.ide.mcu.externaltools.gnu-tools-for-stm32.12.3.rel1.macos64_1.0.200.202406191456/tools/bin/../lib/gcc/arm-none-eabi/12.3.1/../../../../arm-none-eabi/lib/thumb/v7e-m+fp/hard/crt0.o (memset)
/Applications/STM32CubeIDE.app/Contents/Eclipse/plugins/com.st.stm32cube.ide.mcu.externaltools.gnu-tools-for-stm32.12.3.rel1.macos64_1.0.200.202406191456/tools/bin/../lib/gcc/arm-none-eabi/12.3.1/../../../../arm-none-eabi/lib/thumb/v7e-m+fp/hard/libc_nano.a(libc_a-impure.o)
                              /Applications/STM32CubeIDE.app/Contents/Eclipse/plugins/com.st.stm32cube.ide.mcu.externaltools.gnu-tools-for-stm32.12.3.rel1.macos64_1.0.200.202406191456/tools/bin/../lib/gcc/arm-none-eabi/12.3.1/../../../../arm-none-eabi/lib/thumb/v7e-m+fp/hard/libc_nano.a(libc_a-findfp.o) (_impure_data)
/Applications/STM32CubeIDE.app/Contents/Eclipse/plugins/com.st.stm32cube.ide.mcu.externaltools.gnu-tools-for-stm32.12.3.rel1.macos64_1.0.200.202406191456/tools/bin/../lib/gcc/arm-none-eabi/12.3.1/../../../../arm-none-eabi/lib/thumb/v7e-m+fp/hard/libc_nano.a(libc_a-errno.o)
                              ./Core/Src/syscalls.o (__errno)
/Applications/STM32CubeIDE.app/Contents/Eclipse/plugins/com.st.stm32cube.ide.mcu.externaltools.gnu-tools-for-stm32.12.3.rel1.macos64_1.0.200.202406191456/tools/bin/../lib/gcc/arm-none-eabi/12.3.1/../../../../arm-none-eabi/lib/thumb/v7e-m+fp/hard/libc_nano.a(libc_a-init.o)
                              /Applications/STM32CubeIDE.app/Contents/Eclipse/plugins/com.st.stm32cube.ide.mcu.externaltools.gnu-tools-for-stm32.12.3.rel1.macos64_1.0.200.202406191456/tools/bin/../lib/gcc/arm-none-eabi/12.3.1/../../../../arm-none-eabi/lib/thumb/v7e-m+fp/hard/crt0.o (__libc_init_array)
/Applications/STM32CubeIDE.app/Contents/Eclipse/plugins/com.st.stm32cube.ide.mcu.externaltools.gnu-tools-for-stm32.12.3.rel1.macos64_1.0.200.202406191456/tools/bin/../lib/gcc/arm-none-eabi/12.3.1/../../../../arm-none-eabi/lib/thumb/v7e-m+fp/hard/libc_nano.a(libc_a-lock.o)
                              /Applications/STM32CubeIDE.app/Contents/Eclipse/plugins/com.st.stm32cube.ide.mcu.externaltools.gnu-tools-for-stm32.12.3.rel1.macos64_1.0.200.202406191456/tools/bin/../lib/gcc/arm-none-eabi/12.3.1/../../../../arm-none-eabi/lib/thumb/v7e-m+fp/hard/libc_nano.a(libc_a-findfp.o) (__retarget_lock_init_recursive)
/Applications/STM32CubeIDE.app/Contents/Eclipse/plugins/com.st.stm32cube.ide.mcu.externaltools.gnu-tools-for-stm32.12.3.rel1.macos64_1.0.200.202406191456/tools/bin/../lib/gcc/arm-none-eabi/12.3.1/../../../../arm-none-eabi/lib/thumb/v7e-m+fp/hard/libc_nano.a(libc_a-mallocr.o)
[...]
Memory Configuration

Name             Origin             Length             Attributes
RAM              0x20000000         0x0000a000         xrw
RAM2             0x10000000         0x00002000         xrw
FLASH            0x08000000         0x00020000         xr
*default*        0x00000000         0xffffffff

Linker script and memory map

LOAD /Applications/STM32CubeIDE.app/Contents/Eclipse/plugins/com.st.stm32cube.ide.mcu.externaltools.gnu-tools-for-stm32.12.3.rel1.macos64_1.0.200.202406191456/tools/bin/../lib/gcc/arm-none-eabi/12.3.1/thumb/v7e-m+fp/hard/crti.o
LOAD /Applications/STM32CubeIDE.app/Contents/Eclipse/plugins/com.st.stm32cube.ide.mcu.externaltools.gnu-tools-for-stm32.12.3.rel1.macos64_1.0.200.202406191456/tools/bin/../lib/gcc/arm-none-eabi/12.3.1/thumb/v7e-m+fp/hard/crtbegin.o
LOAD /Applications/STM32CubeIDE.app/Contents/Eclipse/plugins/com.st.stm32cube.ide.mcu.externaltools.gnu-tools-for-stm32.12.3.rel1.macos64_1.0.200.202406191456/tools/bin/../lib/gcc/arm-none-eabi/12.3.1/../../../../arm-none-eabi/lib/thumb/v7e-m+fp/hard/crt0.o
LOAD ./Core/Src/main.o
LOAD ./Core/Src/stm32l4xx_it.o
LOAD ./Core/Src/syscalls.o
LOAD ./Core/Src/sysmem.o
LOAD ./Core/Src/system_stm32l4xx.o
LOAD ./Core/Startup/startup_stm32l412rbtxp.o
LOAD ./Drivers/STM32L4xx_HAL_Driver/Src/stm32l4xx_ll_adc.o
LOAD ./Drivers/STM32L4xx_HAL_Driver/Src/stm32l4xx_ll_dma.o
LOAD ./Drivers/STM32L4xx_HAL_Driver/Src/stm32l4xx_ll_exti.o
LOAD ./Drivers/STM32L4xx_HAL_Driver/Src/stm32l4xx_ll_gpio.o
LOAD ./Drivers/STM32L4xx_HAL_Driver/Src/stm32l4xx_ll_pwr.o
LOAD ./Drivers/STM32L4xx_HAL_Driver/Src/stm32l4xx_ll_utils.o
START GROUP
LOAD /Applications/STM32CubeIDE.app/Contents/Eclipse/plugins/com.st.stm32cube.ide.mcu.externaltools.gnu-tools-for-stm32.12.3.rel1.macos64_1.0.200.202406191456/tools/bin/../lib/gcc/arm-none-eabi/12.3.1/../../../../arm-none-eabi/lib/thumb/v7e-m+fp/hard/libc_nano.a
LOAD /Applications/STM32CubeIDE.app/Contents/Eclipse/plugins/com.st.stm32cube.ide.mcu.externaltools.gnu-tools-for-stm32.12.3.rel1.macos64_1.0.200.202406191456/tools/bin/../lib/gcc/arm-none-eabi/12.3.1/../../../../arm-none-eabi/lib/thumb/v7e-m+fp/hard/libm.a
END GROUP
START GROUP
LOAD /Applications/STM32CubeIDE.app/Contents/Eclipse/plugins/com.st.stm32cube.ide.mcu.externaltools.gnu-tools-for-stm32.12.3.rel1.macos64_1.0.200.202406191456/tools/bin/../lib/gcc/arm-none-eabi/12.3.1/thumb/v7e-m+fp/hard/libgcc.a
LOAD /Applications/STM32CubeIDE.app/Contents/Eclipse/plugins/com.st.stm32cube.ide.mcu.externaltools.gnu-tools-for-stm32.12.3.rel1.macos64_1.0.200.202406191456/tools/bin/../lib/gcc/arm-none-eabi/12.3.1/../../../../arm-none-eabi/lib/thumb/v7e-m+fp/hard/libc_nano.a
END GROUP
START GROUP
LOAD /Applications/STM32CubeIDE.app/Contents/Eclipse/plugins/com.st.stm32cube.ide.mcu.externaltools.gnu-tools-for-stm32.12.3.rel1.macos64_1.0.200.202406191456/tools/bin/../lib/gcc/arm-none-eabi/12.3.1/thumb/v7e-m+fp/hard/libgcc.a
LOAD /Applications/STM32CubeIDE.app/Contents/Eclipse/plugins/com.st.stm32cube.ide.mcu.externaltools.gnu-tools-for-stm32.12.3.rel1.macos64_1.0.200.202406191456/tools/bin/../lib/gcc/arm-none-eabi/12.3.1/../../../../arm-none-eabi/lib/thumb/v7e-m+fp/hard/libc_nano.a
LOAD /Applications/STM32CubeIDE.app/Contents/Eclipse/plugins/com.st.stm32cube.ide.mcu.externaltools.gnu-tools-for-stm32.12.3.rel1.macos64_1.0.200.202406191456/tools/bin/../lib/gcc/arm-none-eabi/12.3.1/../../../../arm-none-eabi/lib/thumb/v7e-m+fp/hard/libnosys.a
END GROUP
START GROUP
LOAD /Applications/STM32CubeIDE.app/Contents/Eclipse/plugins/com.st.stm32cube.ide.mcu.externaltools.gnu-tools-for-stm32.12.3.rel1.macos64_1.0.200.202406191456/tools/bin/../lib/gcc/arm-none-eabi/12.3.1/thumb/v7e-m+fp/hard/libgcc.a
LOAD /Applications/STM32CubeIDE.app/Contents/Eclipse/plugins/com.st.stm32cube.ide.mcu.externaltools.gnu-tools-for-stm32.12.3.rel1.macos64_1.0.200.202406191456/tools/bin/../lib/gcc/arm-none-eabi/12.3.1/../../../../arm-none-eabi/lib/thumb/v7e-m+fp/hard/libc_nano.a
LOAD /Applications/STM32CubeIDE.app/Contents/Eclipse/plugins/com.st.stm32cube.ide.mcu.externaltools.gnu-tools-for-stm32.12.3.rel1.macos64_1.0.200.202406191456/tools/bin/../lib/gcc/arm-none-eabi/12.3.1/../../../../arm-none-eabi/lib/thumb/v7e-m+fp/hard/libnosys.a
END GROUP
LOAD /Applications/STM32CubeIDE.app/Contents/Eclipse/plugins/com.st.stm32cube.ide.mcu.externaltools.gnu-tools-for-stm32.12.3.rel1.macos64_1.0.200.202406191456/tools/bin/../lib/gcc/arm-none-eabi/12.3.1/thumb/v7e-m+fp/hard/crtend.o
LOAD /Applications/STM32CubeIDE.app/Contents/Eclipse/plugins/com.st.stm32cube.ide.mcu.externaltools.gnu-tools-for-stm32.12.3.rel1.macos64_1.0.200.202406191456/tools/bin/../lib/gcc/arm-none-eabi/12.3.1/thumb/v7e-m+fp/hard/crtn.o
                0x2000a000                        _estack = (ORIGIN (RAM) + LENGTH (RAM))
                0x00000200                        _Min_Heap_Size = 0x200
                0x00000400                        _Min_Stack_Size = 0x400

.isr_vector     0x08000000      0x18c
                0x08000000                        . = ALIGN (0x4)
 *(.isr_vector)
 .isr_vector    0x08000000      0x18c ./Core/Startup/startup_stm32l412rbtxp.o
                0x08000000                g_pfnVectors
                0x0800018c                        . = ALIGN (0x4)

.text           0x0800018c     0x1040
                0x0800018c                        . = ALIGN (0x4)
 *(.text)
 .text          0x0800018c       0x40 /Applications/STM32CubeIDE.app/Contents/Eclipse/plugins/com.st.stm32cube.ide.mcu.externaltools.gnu-tools-for-stm32.12.3.rel1.macos64_1.0.200.202406191456/tools/bin/../lib/gcc/arm-none-eabi/12.3.1/thumb/v7e-m+fp/hard/crtbegin.o
 *(.text*)
 .text.__NVIC_SetPriorityGrouping
                0x080001cc       0x48 ./Core/Src/main.o
 .text.__NVIC_GetPriorityGrouping
                0x08000214       0x1c ./Core/Src/main.o
 .text.__NVIC_SetPriority
                0x08000230       0x54 ./Core/Src/main.o
 .text.NVIC_EncodePriority
                0x08000284       0x66 ./Core/Src/main.o
 .text.LL_ADC_SetCommonPathInternalCh
                0x080002ea       0x26 ./Core/Src/main.o
 .text.LL_ADC_REG_SetSequencerRanks
                0x08000310       0x58 ./Core/Src/main.o
 .text.LL_ADC_SetChannelSamplingTime
                0x08000368       0x56 ./Core/Src/main.o
 *fill*         0x080003be        0x2 
 .text.LL_ADC_SetChannelSingleDiff
                0x080003c0       0x48 ./Core/Src/main.o
 .text.LL_ADC_SetOverSamplingScope
                0x08000408       0x2a ./Core/Src/main.o
 .text.LL_ADC_DisableDeepPowerDown
                0x08000432       0x24 ./Core/Src/main.o
 .text.LL_ADC_EnableInternalRegulator
                0x08000456       0x28 ./Core/Src/main.o
 .text.LL_ADC_Enable
                0x0800047e       0x28 ./Core/Src/main.o
 .text.LL_ADC_REG_StartConversion
                0x080004a6       0x28 ./Core/Src/main.o
 .text.LL_ADC_REG_ReadConversionData12
                0x080004ce       0x1a ./Core/Src/main.o
 .text.LL_ADC_IsActiveFlag_EOC
                0x080004e8       0x26 ./Core/Src/main.o
 .text.LL_ADC_ClearFlag_EOC
                0x0800050e       0x1a ./Core/Src/main.o
 .text.LL_RCC_MSI_Enable
                0x08000528       0x20 ./Core/Src/main.o
 .text.LL_RCC_MSI_IsReady
                0x08000548       0x24 ./Core/Src/main.o
 .text.LL_RCC_MSI_EnableRangeSelection
                0x0800056c       0x20 ./Core/Src/main.o
 .text.LL_RCC_MSI_SetRange
                0x0800058c       0x28 ./Core/Src/main.o
 .text.LL_RCC_MSI_SetCalibTrimming
                0x080005b4       0x2c ./Core/Src/main.o
 .text.LL_RCC_SetSysClkSource
                0x080005e0       0x28 ./Core/Src/main.o
 .text.LL_RCC_GetSysClkSource
                0x08000608       0x1c ./Core/Src/main.o
 .text.LL_RCC_SetAHBPrescaler
                0x08000624       0x28 ./Core/Src/main.o
 .text.LL_RCC_SetAPB1Prescaler
                0x0800064c       0x28 ./Core/Src/main.o
 .text.LL_RCC_SetAPB2Prescaler
                0x08000674       0x28 ./Core/Src/main.o
 .text.LL_RCC_PLL_Enable
                0x0800069c       0x20 ./Core/Src/main.o
 .text.LL_RCC_PLL_IsReady
                0x080006bc       0x28 ./Core/Src/main.o
 .text.LL_RCC_PLL_ConfigDomain_SYS
                0x080006e4       0x40 ./Core/Src/main.o
 .text.LL_RCC_PLL_EnableDomain_SYS
                0x08000724       0x20 ./Core/Src/main.o
 .text.LL_AHB2_GRP1_EnableClock
                0x08000744       0x30 ./Core/Src/main.o
 .text.LL_APB1_GRP1_EnableClock
                0x08000774       0x30 ./Core/Src/main.o
 .text.LL_APB2_GRP1_EnableClock
                0x080007a4       0x30 ./Core/Src/main.o
 .text.LL_FLASH_SetLatency
                0x080007d4       0x28 ./Core/Src/main.o
 .text.LL_FLASH_GetLatency
                0x080007fc       0x1c ./Core/Src/main.o
 .text.LL_PWR_SetRegulVoltageScaling
                0x08000818       0x28 ./Core/Src/main.o
 .text.LL_PWR_IsActiveFlag_VOS
                0x08000840       0x28 ./Core/Src/main.o
 .text.main     0x08000868       0xa4 ./Core/Src/main.o
                0x08000868                main
 .text.SystemClock_Config
                0x0800090c       0xa4 ./Core/Src/main.o
                0x0800090c                SystemClock_Config
 .text.MX_ADC1_Init
                0x080009b0      0x144 ./Core/Src/main.o
 .text.MX_GPIO_Init
                0x08000af4        0xe ./Core/Src/main.o
 .text.NMI_Handler
                0x08000b02        0x8 ./Core/Src/stm32l4xx_it.o
                0x08000b02                NMI_Handler
 .text.HardFault_Handler
                0x08000b0a        0x8 ./Core/Src/stm32l4xx_it.o
                0x08000b0a                HardFault_Handler
 .text.MemManage_Handler
                0x08000b12        0x8 ./Core/Src/stm32l4xx_it.o
                0x08000b12                MemManage_Handler
 .text.BusFault_Handler
                0x08000b1a        0x8 ./Core/Src/stm32l4xx_it.o
                0x08000b1a                BusFault_Handler
 .text.UsageFault_Handler
                0x08000b22        0x8 ./Core/Src/stm32l4xx_it.o
                0x08000b22                UsageFault_Handler
 .text.SVC_Handler
                0x08000b2a        0xe ./Core/Src/stm32l4xx_it.o
                0x08000b2a                SVC_Handler
 .text.DebugMon_Handler
                0x08000b38        0xe ./Core/Src/stm32l4xx_it.o
                0x08000b38                DebugMon_Handler
 .text.PendSV_Handler
                0x08000b46        0xe ./Core/Src/stm32l4xx_it.o
                0x08000b46                PendSV_Handler
 .text.SysTick_Handler
                0x08000b54        0xe ./Core/Src/stm32l4xx_it.o
                0x08000b54                SysTick_Handler
 *fill*         0x08000b62        0x2 
 .text.SystemInit
                0x08000b64       0x24 ./Core/Src/system_stm32l4xx.o
                0x08000b64                SystemInit
 .text.Reset_Handler
                0x08000b88       0x50 ./Core/Startup/startup_stm32l412rbtxp.o
                0x08000b88                Reset_Handler
 .text.Default_Handler
                0x08000bd8        0x2 ./Core/Startup/startup_stm32l412rbtxp.o
                0x08000bd8                TIM1_BRK_TIM15_IRQHandler
                0x08000bd8                EXTI2_IRQHandler
                0x08000bd8                TIM1_CC_IRQHandler
                0x08000bd8                TSC_IRQHandler
                0x08000bd8                TIM6_IRQHandler
                0x08000bd8                TAMP_STAMP_IRQHandler
                0x08000bd8                EXTI3_IRQHandler
                0x08000bd8                LPTIM2_IRQHandler
                0x08000bd8                I2C3_ER_IRQHandler
                0x08000bd8                EXTI0_IRQHandler
                0x08000bd8                I2C2_EV_IRQHandler
                0x08000bd8                FPU_IRQHandler
                0x08000bd8                TIM1_UP_TIM16_IRQHandler
                0x08000bd8                ADC1_2_IRQHandler
                0x08000bd8                SPI1_IRQHandler
                0x08000bd8                DMA2_Channel2_IRQHandler
                0x08000bd8                DMA1_Channel4_IRQHandler
                0x08000bd8                USART3_IRQHandler
                0x08000bd8                DMA1_Channel7_IRQHandler
                0x08000bd8                DMA2_Channel1_IRQHandler
                0x08000bd8                QUADSPI_IRQHandler
                0x08000bd8                I2C1_EV_IRQHandler
                0x08000bd8                DMA1_Channel6_IRQHandler
                0x08000bd8                DMA2_Channel4_IRQHandler
                0x08000bd8                RCC_IRQHandler
                0x08000bd8                TIM1_TRG_COM_IRQHandler
                0x08000bd8                DMA1_Channel1_IRQHandler
                0x08000bd8                Default_Handler
                0x08000bd8                DMA2_Channel7_IRQHandler
                0x08000bd8                EXTI15_10_IRQHandler
                0x08000bd8                I2C3_EV_IRQHandler
                0x08000bd8                USB_IRQHandler
                0x08000bd8                EXTI9_5_IRQHandler
                0x08000bd8                RTC_WKUP_IRQHandler
                0x08000bd8                PVD_PVM_IRQHandler
                0x08000bd8                SPI2_IRQHandler
                0x08000bd8                DMA2_Channel5_IRQHandler
                0x08000bd8                CRS_IRQHandler
                0x08000bd8                DMA1_Channel5_IRQHandler
                0x08000bd8                EXTI4_IRQHandler
                0x08000bd8                RNG_IRQHandler
                0x08000bd8                DMA1_Channel3_IRQHandler
                0x08000bd8                COMP_IRQHandler
                0x08000bd8                WWDG_IRQHandler
                0x08000bd8                LPUART1_IRQHandler
                0x08000bd8                DMA2_Channel6_IRQHandler
                0x08000bd8                TIM2_IRQHandler
                0x08000bd8                EXTI1_IRQHandler
                0x08000bd8                USART2_IRQHandler
                0x08000bd8                I2C2_ER_IRQHandler
                0x08000bd8                DMA1_Channel2_IRQHandler
                0x08000bd8                FLASH_IRQHandler
                0x08000bd8                USART1_IRQHandler
                0x08000bd8                I2C1_ER_IRQHandler
                0x08000bd8                LPTIM1_IRQHandler
                0x08000bd8                DMA2_Channel3_IRQHandler
                0x08000bd8                RTC_Alarm_IRQHandler
 .text.LL_ADC_REG_SetSequencerLength
                0x08000bda       0x26 ./Drivers/STM32L4xx_HAL_Driver/Src/stm32l4xx_ll_adc.o
 .text.LL_ADC_IsEnabled
                0x08000c00       0x26 ./Drivers/STM32L4xx_HAL_Driver/Src/stm32l4xx_ll_adc.o
 *fill*         0x08000c26        0x2 
 .text.LL_ADC_CommonInit
                0x08000c28       0x80 ./Drivers/STM32L4xx_HAL_Driver/Src/stm32l4xx_ll_adc.o
                0x08000c28                LL_ADC_CommonInit
 .text.LL_ADC_Init
                0x08000ca8       0x4c ./Drivers/STM32L4xx_HAL_Driver/Src/stm32l4xx_ll_adc.o
                0x08000ca8                LL_ADC_Init
 .text.LL_ADC_REG_Init
                0x08000cf4       0x94 ./Drivers/STM32L4xx_HAL_Driver/Src/stm32l4xx_ll_adc.o
                0x08000cf4                LL_ADC_REG_Init
 .text.LL_GPIO_SetPinMode
                0x08000d88       0x7a ./Drivers/STM32L4xx_HAL_Driver/Src/stm32l4xx_ll_gpio.o
 .text.LL_GPIO_SetPinOutputType
                0x08000e02       0x30 ./Drivers/STM32L4xx_HAL_Driver/Src/stm32l4xx_ll_gpio.o
 .text.LL_GPIO_SetPinSpeed
                0x08000e32       0x7a ./Drivers/STM32L4xx_HAL_Driver/Src/stm32l4xx_ll_gpio.o
 .text.LL_GPIO_SetPinPull
                0x08000eac       0x7a ./Drivers/STM32L4xx_HAL_Driver/Src/stm32l4xx_ll_gpio.o
 .text.LL_GPIO_SetAFPin_0_7
                0x08000f26       0x7a ./Drivers/STM32L4xx_HAL_Driver/Src/stm32l4xx_ll_gpio.o
 .text.LL_GPIO_SetAFPin_8_15
                0x08000fa0       0x7e ./Drivers/STM32L4xx_HAL_Driver/Src/stm32l4xx_ll_gpio.o
 .text.LL_GPIO_Init
                0x0800101e       0xdc ./Drivers/STM32L4xx_HAL_Driver/Src/stm32l4xx_ll_gpio.o
                0x0800101e                LL_GPIO_Init
 *fill*         0x080010fa        0x2 
 .text.LL_InitTick
                0x080010fc       0x34 ./Drivers/STM32L4xx_HAL_Driver/Src/stm32l4xx_ll_utils.o
 .text.LL_Init1msTick
                0x08001130       0x1a ./Drivers/STM32L4xx_HAL_Driver/Src/stm32l4xx_ll_utils.o
                0x08001130                LL_Init1msTick
 *fill*         0x0800114a        0x2 
 .text.LL_SetSystemCoreClock
                0x0800114c       0x20 ./Drivers/STM32L4xx_HAL_Driver/Src/stm32l4xx_ll_utils.o
                0x0800114c                LL_SetSystemCoreClock
 .text.__libc_init_array
                0x0800116c       0x48 /Applications/STM32CubeIDE.app/Contents/Eclipse/plugins/com.st.stm32cube.ide.mcu.externaltools.gnu-tools-for-stm32.12.3.rel1.macos64_1.0.200.202406191456/tools/bin/../lib/gcc/arm-none-eabi/12.3.1/../../../../arm-none-eabi/lib/thumb/v7e-m+fp/hard/libc_nano.a(libc_a-init.o)
                0x0800116c                __libc_init_array
 *(.glue_7)
 .glue_7        0x080011b4        0x0 linker stubs
 *(.glue_7t)
 .glue_7t       0x080011b4        0x0 linker stubs
 *(.eh_frame)
 .eh_frame      0x080011b4        0x0 /Applications/STM32CubeIDE.app/Contents/Eclipse/plugins/com.st.stm32cube.ide.mcu.externaltools.gnu-tools-for-stm32.12.3.rel1.macos64_1.0.200.202406191456/tools/bin/../lib/gcc/arm-none-eabi/12.3.1/thumb/v7e-m+fp/hard/crtbegin.o
 *(.init)
 .init          0x080011b4        0x4 /Applications/STM32CubeIDE.app/Contents/Eclipse/plugins/com.st.stm32cube.ide.mcu.externaltools.gnu-tools-for-stm32.12.3.rel1.macos64_1.0.200.202406191456/tools/bin/../lib/gcc/arm-none-eabi/12.3.1/thumb/v7e-m+fp/hard/crti.o
                0x080011b4                _init
 .init          0x080011b8        0x8 /Applications/STM32CubeIDE.app/Contents/Eclipse/plugins/com.st.stm32cube.ide.mcu.externaltools.gnu-tools-for-stm32.12.3.rel1.macos64_1.0.200.202406191456/tools/bin/../lib/gcc/arm-none-eabi/12.3.1/thumb/v7e-m+fp/hard/crtn.o
 *(.fini)
 .fini          0x080011c0        0x4 /Applications/STM32CubeIDE.app/Contents/Eclipse/plugins/com.st.stm32cube.ide.mcu.externaltools.gnu-tools-for-stm32.12.3.rel1.macos64_1.0.200.202406191456/tools/bin/../lib/gcc/arm-none-eabi/12.3.1/thumb/v7e-m+fp/hard/crti.o
                0x080011c0                _fini
 .fini          0x080011c4        0x8 /Applications/STM32CubeIDE.app/Contents/Eclipse/plugins/com.st.stm32cube.ide.mcu.externaltools.gnu-tools-for-stm32.12.3.rel1.macos64_1.0.200.202406191456/tools/bin/../lib/gcc/arm-none-eabi/12.3.1/thumb/v7e-m+fp/hard/crtn.o
                0x080011cc                        . = ALIGN (0x4)
                0x080011cc                        _etext = .

.vfp11_veneer   0x080011cc        0x0
 .vfp11_veneer  0x080011cc        0x0 linker stubs

.v4_bx          0x080011cc        0x0
 .v4_bx         0x080011cc        0x0 linker stubs

.iplt           0x080011cc        0x0
 .iplt          0x080011cc        0x0 /Applications/STM32CubeIDE.app/Contents/Eclipse/plugins/com.st.stm32cube.ide.mcu.externaltools.gnu-tools-for-stm32.12.3.rel1.macos64_1.0.200.202406191456/tools/bin/../lib/gcc/arm-none-eabi/12.3.1/thumb/v7e-m+fp/hard/crtbegin.o

.rodata         0x080011cc        0x0
                0x080011cc                        . = ALIGN (0x4)
 *(.rodata)
 *(.rodata*)
                0x080011cc                        . = ALIGN (0x4)

.ARM.extab      0x080011cc        0x0
                0x080011cc                        . = ALIGN (0x4)
 *(.ARM.extab* .gnu.linkonce.armextab.*)
                0x080011cc                        . = ALIGN (0x4)

.ARM            0x080011cc        0x0
                0x080011cc                        . = ALIGN (0x4)
                0x080011cc                        __exidx_start = .
 *(.ARM.exidx*)
                0x080011cc                        __exidx_end = .
                0x080011cc                        . = ALIGN (0x4)

.preinit_array  0x080011cc        0x0
                0x080011cc                        . = ALIGN (0x4)
                0x080011cc                        PROVIDE (__preinit_array_start = .)
 *(.preinit_array*)
                0x080011cc                        PROVIDE (__preinit_array_end = .)
                0x080011cc                        . = ALIGN (0x4)

.init_array     0x080011cc        0x4
                0x080011cc                        . = ALIGN (0x4)
                0x080011cc                        PROVIDE (__init_array_start = .)
 *(SORT_BY_NAME(.init_array.*))
 *(.init_array*)
 .init_array    0x080011cc        0x4 /Applications/STM32CubeIDE.app/Contents/Eclipse/plugins/com.st.stm32cube.ide.mcu.externaltools.gnu-tools-for-stm32.12.3.rel1.macos64_1.0.200.202406191456/tools/bin/../lib/gcc/arm-none-eabi/12.3.1/thumb/v7e-m+fp/hard/crtbegin.o
                0x080011d0                        PROVIDE (__init_array_end = .)
                0x080011d0                        . = ALIGN (0x4)

.fini_array     0x080011d0        0x4
                0x080011d0                        . = ALIGN (0x4)
                [!provide]                        PROVIDE (__fini_array_start = .)
 *(SORT_BY_NAME(.fini_array.*))
 *(.fini_array*)
 .fini_array    0x080011d0        0x4 /Applications/STM32CubeIDE.app/Contents/Eclipse/plugins/com.st.stm32cube.ide.mcu.externaltools.gnu-tools-for-stm32.12.3.rel1.macos64_1.0.200.202406191456/tools/bin/../lib/gcc/arm-none-eabi/12.3.1/thumb/v7e-m+fp/hard/crtbegin.o
                [!provide]                        PROVIDE (__fini_array_end = .)
                0x080011d4                        . = ALIGN (0x4)
                0x080011d4                        _sidata = LOADADDR (.data)

.rel.dyn        0x080011d4        0x0
 .rel.iplt      0x080011d4        0x0 /Applications/STM32CubeIDE.app/Contents/Eclipse/plugins/com.st.stm32cube.ide.mcu.externaltools.gnu-tools-for-stm32.12.3.rel1.macos64_1.0.200.202406191456/tools/bin/../lib/gcc/arm-none-eabi/12.3.1/thumb/v7e-m+fp/hard/crtbegin.o

.data           0x20000000        0x4 load address 0x080011d4
                0x20000000                        . = ALIGN (0x4)
                0x20000000                        _sdata = .
 *(.data)
 *(.data*)
 .data.SystemCoreClock
                0x20000000        0x4 ./Core/Src/system_stm32l4xx.o
                0x20000000                SystemCoreClock
 *(.RamFunc)
 *(.RamFunc*)
                0x20000004                        . = ALIGN (0x4)
                0x20000004                        _edata = .

.igot.plt       0x20000004        0x0 load address 0x080011d8
 .igot.plt      0x20000004        0x0 /Applications/STM32CubeIDE.app/Contents/Eclipse/plugins/com.st.stm32cube.ide.mcu.externaltools.gnu-tools-for-stm32.12.3.rel1.macos64_1.0.200.202406191456/tools/bin/../lib/gcc/arm-none-eabi/12.3.1/thumb/v7e-m+fp/hard/crtbegin.o
                0x20000004                        . = ALIGN (0x4)

.bss            0x20000004       0x1c load address 0x080011d8
                0x20000004                        _sbss = .
                0x20000004                        __bss_start__ = _sbss
 *(.bss)
 .bss           0x20000004       0x1c /Applications/STM32CubeIDE.app/Contents/Eclipse/plugins/com.st.stm32cube.ide.mcu.externaltools.gnu-tools-for-stm32.12.3.rel1.macos64_1.0.200.202406191456/tools/bin/../lib/gcc/arm-none-eabi/12.3.1/thumb/v7e-m+fp/hard/crtbegin.o
 *(.bss*)
 *(COMMON)
                0x20000020                        . = ALIGN (0x4)
                0x20000020                        _ebss = .
                0x20000020                        __bss_end__ = _ebss

._user_heap_stack
                0x20000020      0x600 load address 0x080011d8
                0x20000020                        . = ALIGN (0x8)
                [!provide]                        PROVIDE (end = .)
                0x20000020                        PROVIDE (_end = .)
                0x20000220                        . = (. + _Min_Heap_Size)
 *fill*         0x20000020      0x200 
                0x20000620                        . = (. + _Min_Stack_Size)
 *fill*         0x20000220      0x400 
                0x20000620                        . = ALIGN (0x8)

/DISCARD/
 libc.a(*)
 libm.a(*)
 libgcc.a(*)

.ARM.attributes
                0x00000000       0x30
 *(.ARM.attributes)
 .ARM.attributes
                0x00000000       0x22 /Applications/STM32CubeIDE.app/Contents/Eclipse/plugins/com.st.stm32cube.ide.mcu.externaltools.gnu-tools-for-stm32.12.3.rel1.macos64_1.0.200.202406191456/tools/bin/../lib/gcc/arm-none-eabi/12.3.1/thumb/v7e-m+fp/hard/crti.o
 .ARM.attributes
                0x00000022       0x34 /Applications/STM32CubeIDE.app/Contents/Eclipse/plugins/com.st.stm32cube.ide.mcu.externaltools.gnu-tools-for-stm32.12.3.rel1.macos64_1.0.200.202406191456/tools/bin/../lib/gcc/arm-none-eabi/12.3.1/thumb/v7e-m+fp/hard/crtbegin.o
 .ARM.attributes
                0x00000056       0x34 ./Core/Src/main.o
 .ARM.attributes
                0x0000008a       0x34 ./Core/Src/stm32l4xx_it.o
 .ARM.attributes
                0x000000be       0x34 ./Core/Src/system_stm32l4xx.o
 .ARM.attributes
                0x000000f2       0x21 ./Core/Startup/startup_stm32l412rbtxp.o
 .ARM.attributes
                0x00000113       0x34 ./Drivers/STM32L4xx_HAL_Driver/Src/stm32l4xx_ll_adc.o
 .ARM.attributes
                0x00000147       0x34 ./Drivers/STM32L4xx_HAL_Driver/Src/stm32l4xx_ll_gpio.o
 .ARM.attributes
                0x0000017b       0x34 ./Drivers/STM32L4xx_HAL_Driver/Src/stm32l4xx_ll_utils.o
 .ARM.attributes
                0x000001af       0x34 /Applications/STM32CubeIDE.app/Contents/Eclipse/plugins/com.st.stm32cube.ide.mcu.externaltools.gnu-tools-for-stm32.12.3.rel1.macos64_1.0.200.202406191456/tools/bin/../lib/gcc/arm-none-eabi/12.3.1/../../../../arm-none-eabi/lib/thumb/v7e-m+fp/hard/libc_nano.a(libc_a-init.o)
 .ARM.attributes
                0x000001e3       0x22 /Applications/STM32CubeIDE.app/Contents/Eclipse/plugins/com.st.stm32cube.ide.mcu.externaltools.gnu-tools-for-stm32.12.3.rel1.macos64_1.0.200.202406191456/tools/bin/../lib/gcc/arm-none-eabi/12.3.1/thumb/v7e-m+fp/hard/crtn.o
OUTPUT(nucleo_adc_test.elf elf32-littlearm)
LOAD linker stubs
LOAD /Applications/STM32CubeIDE.app/Contents/Eclipse/plugins/com.st.stm32cube.ide.mcu.externaltools.gnu-tools-for-stm32.12.3.rel1.macos64_1.0.200.202406191456/tools/bin/../lib/gcc/arm-none-eabi/12.3.1/../../../../arm-none-eabi/lib/thumb/v7e-m+fp/hard/libc.a
LOAD /Applications/STM32CubeIDE.app/Contents/Eclipse/plugins/com.st.stm32cube.ide.mcu.externaltools.gnu-tools-for-stm32.12.3.rel1.macos64_1.0.200.202406191456/tools/bin/../lib/gcc/arm-none-eabi/12.3.1/../../../../arm-none-eabi/lib/thumb/v7e-m+fp/hard/libm.a
LOAD /Applications/STM32CubeIDE.app/Contents/Eclipse/plugins/com.st.stm32cube.ide.mcu.externaltools.gnu-tools-for-stm32.12.3.rel1.macos64_1.0.200.202406191456/tools/bin/../lib/gcc/arm-none-eabi/12.3.1/thumb/v7e-m+fp/hard/libgcc.a

.debug_info     0x00000000     0x3dd0
 .debug_info    0x00000000     0x16b5 ./Core/Src/main.o
 .debug_info    0x000016b5      0x145 ./Core/Src/stm32l4xx_it.o
 .debug_info    0x000017fa      0x5b8 ./Core/Src/system_stm32l4xx.o
 .debug_info    0x00001db2       0x30 ./Core/Startup/startup_stm32l412rbtxp.o
 .debug_info    0x00001de2      0xad9 ./Drivers/STM32L4xx_HAL_Driver/Src/stm32l4xx_ll_adc.o
 .debug_info    0x000028bb      0x94b ./Drivers/STM32L4xx_HAL_Driver/Src/stm32l4xx_ll_gpio.o
 .debug_info    0x00003206      0xbca ./Drivers/STM32L4xx_HAL_Driver/Src/stm32l4xx_ll_utils.o

.debug_abbrev   0x00000000      0xabe
 .debug_abbrev  0x00000000      0x2c3 ./Core/Src/main.o
 .debug_abbrev  0x000002c3       0x80 ./Core/Src/stm32l4xx_it.o
 .debug_abbrev  0x00000343      0x11a ./Core/Src/system_stm32l4xx.o
 .debug_abbrev  0x0000045d       0x24 ./Core/Startup/startup_stm32l412rbtxp.o
 .debug_abbrev  0x00000481      0x1a9 ./Drivers/STM32L4xx_HAL_Driver/Src/stm32l4xx_ll_adc.o
 .debug_abbrev  0x0000062a      0x235 ./Drivers/STM32L4xx_HAL_Driver/Src/stm32l4xx_ll_gpio.o
 .debug_abbrev  0x0000085f      0x25f ./Drivers/STM32L4xx_HAL_Driver/Src/stm32l4xx_ll_utils.o

.debug_aranges  0x00000000      0x480
 .debug_aranges
                0x00000000      0x168 ./Core/Src/main.o
 .debug_aranges
                0x00000168       0x60 ./Core/Src/stm32l4xx_it.o
 .debug_aranges
                0x000001c8       0x28 ./Core/Src/system_stm32l4xx.o
 .debug_aranges
                0x000001f0       0x28 ./Core/Startup/startup_stm32l412rbtxp.o
 .debug_aranges
                0x00000218       0xd0 ./Drivers/STM32L4xx_HAL_Driver/Src/stm32l4xx_ll_adc.o
 .debug_aranges
                0x000002e8       0x70 ./Drivers/STM32L4xx_HAL_Driver/Src/stm32l4xx_ll_gpio.o
 .debug_aranges
                0x00000358      0x128 ./Drivers/STM32L4xx_HAL_Driver/Src/stm32l4xx_ll_utils.o

.debug_rnglists
                0x00000000      0x349
 .debug_rnglists
                0x00000000      0x10c ./Core/Src/main.o
 .debug_rnglists
                0x0000010c       0x43 ./Core/Src/stm32l4xx_it.o
 .debug_rnglists
                0x0000014f       0x1a ./Core/Src/system_stm32l4xx.o
 .debug_rnglists
                0x00000169       0x19 ./Core/Startup/startup_stm32l412rbtxp.o
 .debug_rnglists
                0x00000182       0x9a ./Drivers/STM32L4xx_HAL_Driver/Src/stm32l4xx_ll_adc.o
 .debug_rnglists
                0x0000021c       0x51 ./Drivers/STM32L4xx_HAL_Driver/Src/stm32l4xx_ll_gpio.o
 .debug_rnglists
                0x0000026d       0xdc ./Drivers/STM32L4xx_HAL_Driver/Src/stm32l4xx_ll_utils.o

.debug_macro    0x00000000    0x133ac
 .debug_macro   0x00000000      0x145 ./Core/Src/main.o
 .debug_macro   0x00000145      0xaf6 ./Core/Src/main.o
 .debug_macro   0x00000c3b       0x2e ./Core/Src/main.o
 .debug_macro   0x00000c69       0x28 ./Core/Src/main.o
 .debug_macro   0x00000c91       0x22 ./Core/Src/main.o
 .debug_macro   0x00000cb3       0x8e ./Core/Src/main.o
 .debug_macro   0x00000d41       0x51 ./Core/Src/main.o
 .debug_macro   0x00000d92      0x103 ./Core/Src/main.o
 .debug_macro   0x00000e95       0x6a ./Core/Src/main.o
 .debug_macro   0x00000eff      0x1df ./Core/Src/main.o
 .debug_macro   0x000010de       0x1c ./Core/Src/main.o
 .debug_macro   0x000010fa       0x22 ./Core/Src/main.o
 .debug_macro   0x0000111c       0xfb ./Core/Src/main.o
 .debug_macro   0x00001217     0x1011 ./Core/Src/main.o
 .debug_macro   0x00002228      0x11f ./Core/Src/main.o
 .debug_macro   0x00002347     0xe4b1 ./Core/Src/main.o
 .debug_macro   0x000107f8       0x6d ./Core/Src/main.o
 .debug_macro   0x00010865      0xf61 ./Core/Src/main.o
 .debug_macro   0x000117c6       0xd0 ./Core/Src/main.o
 .debug_macro   0x00011896      0x563 ./Core/Src/main.o
 .debug_macro   0x00011df9      0x15a ./Core/Src/main.o
 .debug_macro   0x00011f53      0x233 ./Core/Src/main.o
 .debug_macro   0x00012186      0x148 ./Core/Src/main.o
 .debug_macro   0x000122ce      0x1a6 ./Core/Src/main.o
 .debug_macro   0x00012474       0xa7 ./Core/Src/main.o
 .debug_macro   0x0001251b      0x1f2 ./Core/Src/main.o
 .debug_macro   0x0001270d      0x2cb ./Core/Src/main.o
 .debug_macro   0x000129d8      0x169 ./Core/Src/main.o
 .debug_macro   0x00012b41       0x22 ./Core/Src/main.o
 .debug_macro   0x00012b63      0x14f ./Core/Src/stm32l4xx_it.o
 .debug_macro   0x00012cb2       0xcd ./Core/Src/system_stm32l4xx.o
 .debug_macro   0x00012d7f      0x17d ./Drivers/STM32L4xx_HAL_Driver/Src/stm32l4xx_ll_adc.o
 .debug_macro   0x00012efc      0x10f ./Drivers/STM32L4xx_HAL_Driver/Src/stm32l4xx_ll_gpio.o
 .debug_macro   0x0001300b      0x163 ./Drivers/STM32L4xx_HAL_Driver/Src/stm32l4xx_ll_gpio.o
 .debug_macro   0x0001316e      0x19d ./Drivers/STM32L4xx_HAL_Driver/Src/stm32l4xx_ll_utils.o
 .debug_macro   0x0001330b       0xa1 ./Drivers/STM32L4xx_HAL_Driver/Src/stm32l4xx_ll_utils.o

.debug_line     0x00000000     0x3344
 .debug_line    0x00000000      0xbd8 ./Core/Src/main.o
 .debug_line    0x00000bd8      0x677 ./Core/Src/stm32l4xx_it.o
 .debug_line    0x0000124f      0x528 ./Core/Src/system_stm32l4xx.o
 .debug_line    0x00001777       0x7a ./Core/Startup/startup_stm32l412rbtxp.o
 .debug_line    0x000017f1      0x8b2 ./Drivers/STM32L4xx_HAL_Driver/Src/stm32l4xx_ll_adc.o
 .debug_line    0x000020a3      0x7cb ./Drivers/STM32L4xx_HAL_Driver/Src/stm32l4xx_ll_gpio.o
 .debug_line    0x0000286e      0xad6 ./Drivers/STM32L4xx_HAL_Driver/Src/stm32l4xx_ll_utils.o

.debug_str      0x00000000    0x74759
 .debug_str     0x00000000    0x70cfe ./Core/Src/main.o
                              0x7102a (size before relaxing)
 .debug_str     0x00070cfe       0xbd ./Core/Src/stm32l4xx_it.o
                              0x702a2 (size before relaxing)
 .debug_str     0x00070dbb       0x8e ./Core/Src/system_stm32l4xx.o
                              0x5d3f9 (size before relaxing)
 .debug_str     0x00070e49       0x45 ./Core/Startup/startup_stm32l412rbtxp.o
                                 0x95 (size before relaxing)
 .debug_str     0x00070e8e     0x250b ./Drivers/STM32L4xx_HAL_Driver/Src/stm32l4xx_ll_adc.o
                              0x6a669 (size before relaxing)
 .debug_str     0x00073399      0x63a ./Drivers/STM32L4xx_HAL_Driver/Src/stm32l4xx_ll_gpio.o
                              0x5eb01 (size before relaxing)
 .debug_str     0x000739d3      0xd86 ./Drivers/STM32L4xx_HAL_Driver/Src/stm32l4xx_ll_utils.o
                              0x62cee (size before relaxing)

.comment        0x00000000       0x43
 .comment       0x00000000       0x43 ./Core/Src/main.o
                                 0x44 (size before relaxing)
 .comment       0x00000043       0x44 ./Core/Src/stm32l4xx_it.o
 .comment       0x00000043       0x44 ./Core/Src/system_stm32l4xx.o
 .comment       0x00000043       0x44 ./Drivers/STM32L4xx_HAL_Driver/Src/stm32l4xx_ll_adc.o
 .comment       0x00000043       0x44 ./Drivers/STM32L4xx_HAL_Driver/Src/stm32l4xx_ll_gpio.o
 .comment       0x00000043       0x44 ./Drivers/STM32L4xx_HAL_Driver/Src/stm32l4xx_ll_utils.o

.debug_frame    0x00000000     0x11bc
 .debug_frame   0x00000000      0x61c ./Core/Src/main.o
 .debug_frame   0x0000061c      0x108 ./Core/Src/stm32l4xx_it.o
 .debug_frame   0x00000724       0x58 ./Core/Src/system_stm32l4xx.o
 .debug_frame   0x0000077c      0x398 ./Drivers/STM32L4xx_HAL_Driver/Src/stm32l4xx_ll_adc.o
 .debug_frame   0x00000b14      0x1c0 ./Drivers/STM32L4xx_HAL_Driver/Src/stm32l4xx_ll_gpio.o
 .debug_frame   0x00000cd4      0x4bc ./Drivers/STM32L4xx_HAL_Driver/Src/stm32l4xx_ll_utils.o
 .debug_frame   0x00001190       0x2c /Applications/STM32CubeIDE.app/Contents/Eclipse/plugins/com.st.stm32cube.ide.mcu.externaltools.gnu-tools-for-stm32.12.3.rel1.macos64_1.0.200.202406191456/tools/bin/../lib/gcc/arm-none-eabi/12.3.1/../../../../arm-none-eabi/lib/thumb/v7e-m+fp/hard/libc_nano.a(libc_a-init.o)

.debug_line_str
                0x00000000       0x79
 .debug_line_str
                0x00000000       0x79 ./Core/Startup/startup_stm32l412rbtxp.o
