../lib/sx1262/SX1262.c:92:6:sx1262_init	8	static
../lib/sx1262/SX1262.c:153:6:get_radio_status	8	static
../lib/sx1262/SX1262.c:161:6:set_radio_standby	8	static
../lib/sx1262/SX1262.c:171:6:get_radio_errors	8	static
../lib/sx1262/SX1262.c:183:6:read_radio_registers	16	static
../lib/sx1262/SX1262.c:203:6:radio_spi_init	8	static
../lib/sx1262/SX1262.c:211:6:set_radio_packet_type_lora	8	static
../lib/sx1262/SX1262.c:224:6:set_radio_pa_config	16	static
../lib/sx1262/SX1262.c:245:6:set_radio_rf_freq	24	static
../lib/sx1262/SX1262.c:267:6:set_tx_params	16	static
../lib/sx1262/SX1262.c:278:6:set_buffer_base_address	8	static
../lib/sx1262/SX1262.c:286:7:write_radio_buffer	24	static
../lib/sx1262/SX1262.c:299:6:set_radio_lora_modulation_param	16	static
../lib/sx1262/SX1262.c:314:6:set_lora_packet_parameters	16	static
../lib/sx1262/SX1262.c:335:6:set_fsk_packet_parameters	24	static
../lib/sx1262/SX1262.c:362:6:set_dio2_rf_switch	16	static
../lib/sx1262/SX1262.c:377:6:set_radio_sync_word	16	static
../lib/sx1262/SX1262.c:408:6:set_tx_continuous_wave	8	static
../lib/sx1262/SX1262.c:420:6:set_tx	16	static
../lib/sx1262/SX1262.c:439:6:set_dio3_as_tcxo	16	static
../lib/sx1262/SX1262.c:463:6:set_regulator_mode	16	static
../lib/sx1262/SX1262.c:477:6:clear_radio_errors	8	static
../lib/sx1262/SX1262.c:492:6:radio_send	24	static
../lib/sx1262/SX1262.c:498:6:disable_tx	8	static
../lib/sx1262/SX1262.c:500:6:radio_receive_cont	16	static
../lib/sx1262/SX1262.c:519:6:radio_receive_single	16	static
../lib/sx1262/SX1262.c:538:6:set_dio_irq	16	static
../lib/sx1262/SX1262.c:568:6:clear_irq_status	16	static
../lib/sx1262/SX1262.c:588:7:read_radio_buffer	24	static
../lib/sx1262/SX1262.c:620:6:get_irq_status	16	static
../lib/sx1262/SX1262.c:649:6:get_rx_buffer_status	8	static
../lib/sx1262/SX1262.c:671:6:set_lora_symb_timeout	16	static
../lib/sx1262/SX1262.c:678:6:calibrate_image	16	static
../lib/sx1262/SX1262.c:687:6:set_radio_packet_type_fsk	8	static
../lib/sx1262/SX1262.c:700:6:get_packet_status	16	static
../lib/sx1262/SX1262.c:729:6:set_cad	16	static
../lib/sx1262/SX1262.c:737:6:set_cad_params	16	static
