Archive member included to satisfy reference by file (symbol)

/Applications/STM32CubeIDE.app/Contents/Eclipse/plugins/com.st.stm32cube.ide.mcu.externaltools.gnu-tools-for-stm32.12.3.rel1.macos64_1.0.200.202406191456/tools/bin/../lib/gcc/arm-none-eabi/12.3.1/../../../../arm-none-eabi/lib/thumb/v7e-m+fp/hard/libc_nano.a(libc_a-exit.o)
                              /Applications/STM32CubeIDE.app/Contents/Eclipse/plugins/com.st.stm32cube.ide.mcu.externaltools.gnu-tools-for-stm32.12.3.rel1.macos64_1.0.200.202406191456/tools/bin/../lib/gcc/arm-none-eabi/12.3.1/../../../../arm-none-eabi/lib/thumb/v7e-m+fp/hard/crt0.o (exit)
/Applications/STM32CubeIDE.app/Contents/Eclipse/plugins/com.st.stm32cube.ide.mcu.externaltools.gnu-tools-for-stm32.12.3.rel1.macos64_1.0.200.202406191456/tools/bin/../lib/gcc/arm-none-eabi/12.3.1/../../../../arm-none-eabi/lib/thumb/v7e-m+fp/hard/libc_nano.a(libc_a-findfp.o)
                              /Applications/STM32CubeIDE.app/Contents/Eclipse/plugins/com.st.stm32cube.ide.mcu.externaltools.gnu-tools-for-stm32.12.3.rel1.macos64_1.0.200.202406191456/tools/bin/../lib/gcc/arm-none-eabi/12.3.1/../../../../arm-none-eabi/lib/thumb/v7e-m+fp/hard/libc_nano.a(libc_a-exit.o) (__stdio_exit_handler)
/Applications/STM32CubeIDE.app/Contents/Eclipse/plugins/com.st.stm32cube.ide.mcu.externaltools.gnu-tools-for-stm32.12.3.rel1.macos64_1.0.200.202406191456/tools/bin/../lib/gcc/arm-none-eabi/12.3.1/../../../../arm-none-eabi/lib/thumb/v7e-m+fp/hard/libc_nano.a(libc_a-fwalk.o)
                              /Applications/STM32CubeIDE.app/Contents/Eclipse/plugins/com.st.stm32cube.ide.mcu.externaltools.gnu-tools-for-stm32.12.3.rel1.macos64_1.0.200.202406191456/tools/bin/../lib/gcc/arm-none-eabi/12.3.1/../../../../arm-none-eabi/lib/thumb/v7e-m+fp/hard/libc_nano.a(libc_a-findfp.o) (_fwalk_sglue)
/Applications/STM32CubeIDE.app/Contents/Eclipse/plugins/com.st.stm32cube.ide.mcu.externaltools.gnu-tools-for-stm32.12.3.rel1.macos64_1.0.200.202406191456/tools/bin/../lib/gcc/arm-none-eabi/12.3.1/../../../../arm-none-eabi/lib/thumb/v7e-m+fp/hard/libc_nano.a(libc_a-memset.o)
                              /Applications/STM32CubeIDE.app/Contents/Eclipse/plugins/com.st.stm32cube.ide.mcu.externaltools.gnu-tools-for-stm32.12.3.rel1.macos64_1.0.200.202406191456/tools/bin/../lib/gcc/arm-none-eabi/12.3.1/../../../../arm-none-eabi/lib/thumb/v7e-m+fp/hard/crt0.o (memset)
/Applications/STM32CubeIDE.app/Contents/Eclipse/plugins/com.st.stm32cube.ide.mcu.externaltools.gnu-tools-for-stm32.12.3.rel1.macos64_1.0.200.202406191456/tools/bin/../lib/gcc/arm-none-eabi/12.3.1/../../../../arm-none-eabi/lib/thumb/v7e-m+fp/hard/libc_nano.a(libc_a-impure.o)
                              /Applications/STM32CubeIDE.app/Contents/Eclipse/plugins/com.st.stm32cube.ide.mcu.externaltools.gnu-tools-for-stm32.12.3.rel1.macos64_1.0.200.202406191456/tools/bin/../lib/gcc/arm-none-eabi/12.3.1/../../../../arm-none-eabi/lib/thumb/v7e-m+fp/hard/libc_nano.a(libc_a-findfp.o) (_impure_data)
/Applications/STM32CubeIDE.app/Contents/Eclipse/plugins/com.st.stm32cube.ide.mcu.externaltools.gnu-tools-for-stm32.12.3.rel1.macos64_1.0.200.202406191456/tools/bin/../lib/gcc/arm-none-eabi/12.3.1/../../../../arm-none-eabi/lib/thumb/v7e-m+fp/hard/libc_nano.a(libc_a-errno.o)
                              ./Core/Src/syscalls.o (__errno)
/Applications/STM32CubeIDE.app/Contents/Eclipse/plugins/com.st.stm32cube.ide.mcu.externaltools.gnu-tools-for-stm32.12.3.rel1.macos64_1.0.200.202406191456/tools/bin/../lib/gcc/arm-none-eabi/12.3.1/../../../../arm-none-eabi/lib/thumb/v7e-m+fp/hard/libc_nano.a(libc_a-init.o)
                              /Applications/STM32CubeIDE.app/Contents/Eclipse/plugins/com.st.stm32cube.ide.mcu.externaltools.gnu-tools-for-stm32.12.3.rel1.macos64_1.0.200.202406191456/tools/bin/../lib/gcc/arm-none-eabi/12.3.1/../../../../arm-none-eabi/lib/thumb/v7e-m+fp/hard/crt0.o (__libc_init_array)
/Applications/STM32CubeIDE.app/Contents/Eclipse/plugins/com.st.stm32cube.ide.mcu.externaltools.gnu-tools-for-stm32.12.3.rel1.macos64_1.0.200.202406191456/tools/bin/../lib/gcc/arm-none-eabi/12.3.1/../../../../arm-none-eabi/lib/thumb/v7e-m+fp/hard/libc_nano.a(libc_a-lock.o)
                              /Applications/STM32CubeIDE.app/Contents/Eclipse/plugins/com.st.stm32cube.ide.mcu.externaltools.gnu-tools-for-stm32.12.3.rel1.macos64_1.0.200.202406191456/tools/bin/../lib/gcc/arm-none-eabi/12.3.1/../../../../arm-none-eabi/lib/thumb/v7e-m+fp/hard/libc_nano.a(libc_a-findfp.o) (__retarget_lock_init_recursive)
/Applications/STM32CubeIDE.app/Contents/Eclipse/plugins/com.st.stm32cube.ide.mcu.externaltools.gnu-tools-for-stm32.12.3.rel1.macos64_1.0.200.202406191456/tools/bin/../lib/gcc/arm-none-eabi/12.3.1/../../../../arm-none-eabi/lib/thumb/v7e-m+fp/hard/libc_nano.a(libc_a-mallocr.o)
[...]
Memory Configuration

Name             Origin             Length             Attributes
RAM              0x20000000         0x0000a000         xrw
RAM2             0x10000000         0x00002000         xrw
FLASH            0x08000000         0x00020000         xr
*default*        0x00000000         0xffffffff

Linker script and memory map

LOAD /Applications/STM32CubeIDE.app/Contents/Eclipse/plugins/com.st.stm32cube.ide.mcu.externaltools.gnu-tools-for-stm32.12.3.rel1.macos64_1.0.200.202406191456/tools/bin/../lib/gcc/arm-none-eabi/12.3.1/thumb/v7e-m+fp/hard/crti.o
LOAD /Applications/STM32CubeIDE.app/Contents/Eclipse/plugins/com.st.stm32cube.ide.mcu.externaltools.gnu-tools-for-stm32.12.3.rel1.macos64_1.0.200.202406191456/tools/bin/../lib/gcc/arm-none-eabi/12.3.1/thumb/v7e-m+fp/hard/crtbegin.o
LOAD /Applications/STM32CubeIDE.app/Contents/Eclipse/plugins/com.st.stm32cube.ide.mcu.externaltools.gnu-tools-for-stm32.12.3.rel1.macos64_1.0.200.202406191456/tools/bin/../lib/gcc/arm-none-eabi/12.3.1/../../../../arm-none-eabi/lib/thumb/v7e-m+fp/hard/crt0.o
LOAD ./Core/Src/main.o
LOAD ./Core/Src/stm32l4xx_it.o
LOAD ./Core/Src/syscalls.o
LOAD ./Core/Src/sysmem.o
LOAD ./Core/Src/system_stm32l4xx.o
LOAD ./Core/Startup/startup_stm32l412rbtxp.o
LOAD ./Drivers/STM32L4xx_HAL_Driver/Src/stm32l4xx_ll_dma.o
LOAD ./Drivers/STM32L4xx_HAL_Driver/Src/stm32l4xx_ll_exti.o
LOAD ./Drivers/STM32L4xx_HAL_Driver/Src/stm32l4xx_ll_gpio.o
LOAD ./Drivers/STM32L4xx_HAL_Driver/Src/stm32l4xx_ll_pwr.o
LOAD ./Drivers/STM32L4xx_HAL_Driver/Src/stm32l4xx_ll_tim.o
LOAD ./Drivers/STM32L4xx_HAL_Driver/Src/stm32l4xx_ll_utils.o
START GROUP
LOAD /Applications/STM32CubeIDE.app/Contents/Eclipse/plugins/com.st.stm32cube.ide.mcu.externaltools.gnu-tools-for-stm32.12.3.rel1.macos64_1.0.200.202406191456/tools/bin/../lib/gcc/arm-none-eabi/12.3.1/../../../../arm-none-eabi/lib/thumb/v7e-m+fp/hard/libc_nano.a
LOAD /Applications/STM32CubeIDE.app/Contents/Eclipse/plugins/com.st.stm32cube.ide.mcu.externaltools.gnu-tools-for-stm32.12.3.rel1.macos64_1.0.200.202406191456/tools/bin/../lib/gcc/arm-none-eabi/12.3.1/../../../../arm-none-eabi/lib/thumb/v7e-m+fp/hard/libm.a
END GROUP
START GROUP
LOAD /Applications/STM32CubeIDE.app/Contents/Eclipse/plugins/com.st.stm32cube.ide.mcu.externaltools.gnu-tools-for-stm32.12.3.rel1.macos64_1.0.200.202406191456/tools/bin/../lib/gcc/arm-none-eabi/12.3.1/thumb/v7e-m+fp/hard/libgcc.a
LOAD /Applications/STM32CubeIDE.app/Contents/Eclipse/plugins/com.st.stm32cube.ide.mcu.externaltools.gnu-tools-for-stm32.12.3.rel1.macos64_1.0.200.202406191456/tools/bin/../lib/gcc/arm-none-eabi/12.3.1/../../../../arm-none-eabi/lib/thumb/v7e-m+fp/hard/libc_nano.a
END GROUP
START GROUP
LOAD /Applications/STM32CubeIDE.app/Contents/Eclipse/plugins/com.st.stm32cube.ide.mcu.externaltools.gnu-tools-for-stm32.12.3.rel1.macos64_1.0.200.202406191456/tools/bin/../lib/gcc/arm-none-eabi/12.3.1/thumb/v7e-m+fp/hard/libgcc.a
LOAD /Applications/STM32CubeIDE.app/Contents/Eclipse/plugins/com.st.stm32cube.ide.mcu.externaltools.gnu-tools-for-stm32.12.3.rel1.macos64_1.0.200.202406191456/tools/bin/../lib/gcc/arm-none-eabi/12.3.1/../../../../arm-none-eabi/lib/thumb/v7e-m+fp/hard/libc_nano.a
LOAD /Applications/STM32CubeIDE.app/Contents/Eclipse/plugins/com.st.stm32cube.ide.mcu.externaltools.gnu-tools-for-stm32.12.3.rel1.macos64_1.0.200.202406191456/tools/bin/../lib/gcc/arm-none-eabi/12.3.1/../../../../arm-none-eabi/lib/thumb/v7e-m+fp/hard/libnosys.a
END GROUP
START GROUP
LOAD /Applications/STM32CubeIDE.app/Contents/Eclipse/plugins/com.st.stm32cube.ide.mcu.externaltools.gnu-tools-for-stm32.12.3.rel1.macos64_1.0.200.202406191456/tools/bin/../lib/gcc/arm-none-eabi/12.3.1/thumb/v7e-m+fp/hard/libgcc.a
LOAD /Applications/STM32CubeIDE.app/Contents/Eclipse/plugins/com.st.stm32cube.ide.mcu.externaltools.gnu-tools-for-stm32.12.3.rel1.macos64_1.0.200.202406191456/tools/bin/../lib/gcc/arm-none-eabi/12.3.1/../../../../arm-none-eabi/lib/thumb/v7e-m+fp/hard/libc_nano.a
LOAD /Applications/STM32CubeIDE.app/Contents/Eclipse/plugins/com.st.stm32cube.ide.mcu.externaltools.gnu-tools-for-stm32.12.3.rel1.macos64_1.0.200.202406191456/tools/bin/../lib/gcc/arm-none-eabi/12.3.1/../../../../arm-none-eabi/lib/thumb/v7e-m+fp/hard/libnosys.a
END GROUP
LOAD /Applications/STM32CubeIDE.app/Contents/Eclipse/plugins/com.st.stm32cube.ide.mcu.externaltools.gnu-tools-for-stm32.12.3.rel1.macos64_1.0.200.202406191456/tools/bin/../lib/gcc/arm-none-eabi/12.3.1/thumb/v7e-m+fp/hard/crtend.o
LOAD /Applications/STM32CubeIDE.app/Contents/Eclipse/plugins/com.st.stm32cube.ide.mcu.externaltools.gnu-tools-for-stm32.12.3.rel1.macos64_1.0.200.202406191456/tools/bin/../lib/gcc/arm-none-eabi/12.3.1/thumb/v7e-m+fp/hard/crtn.o
                0x2000a000                        _estack = (ORIGIN (RAM) + LENGTH (RAM))
                0x00000200                        _Min_Heap_Size = 0x200
                0x00000400                        _Min_Stack_Size = 0x400

.isr_vector     0x08000000      0x18c
                0x08000000                        . = ALIGN (0x4)
 *(.isr_vector)
 .isr_vector    0x08000000      0x18c ./Core/Startup/startup_stm32l412rbtxp.o
                0x08000000                g_pfnVectors
                0x0800018c                        . = ALIGN (0x4)

.text           0x0800018c     0x1720
                0x0800018c                        . = ALIGN (0x4)
 *(.text)
 .text          0x0800018c       0x40 /Applications/STM32CubeIDE.app/Contents/Eclipse/plugins/com.st.stm32cube.ide.mcu.externaltools.gnu-tools-for-stm32.12.3.rel1.macos64_1.0.200.202406191456/tools/bin/../lib/gcc/arm-none-eabi/12.3.1/thumb/v7e-m+fp/hard/crtbegin.o
 *(.text*)
 .text.__NVIC_SetPriorityGrouping
                0x080001cc       0x48 ./Core/Src/main.o
 .text.__NVIC_GetPriorityGrouping
                0x08000214       0x1c ./Core/Src/main.o
 .text.__NVIC_SetPriority
                0x08000230       0x54 ./Core/Src/main.o
 .text.NVIC_EncodePriority
                0x08000284       0x66 ./Core/Src/main.o
 *fill*         0x080002ea        0x2 
 .text.LL_RCC_MSI_Enable
                0x080002ec       0x20 ./Core/Src/main.o
 .text.LL_RCC_MSI_IsReady
                0x0800030c       0x24 ./Core/Src/main.o
 .text.LL_RCC_MSI_EnableRangeSelection
                0x08000330       0x20 ./Core/Src/main.o
 .text.LL_RCC_MSI_SetRange
                0x08000350       0x28 ./Core/Src/main.o
 .text.LL_RCC_MSI_SetCalibTrimming
                0x08000378       0x2c ./Core/Src/main.o
 .text.LL_RCC_SetSysClkSource
                0x080003a4       0x28 ./Core/Src/main.o
 .text.LL_RCC_GetSysClkSource
                0x080003cc       0x1c ./Core/Src/main.o
 .text.LL_RCC_SetAHBPrescaler
                0x080003e8       0x28 ./Core/Src/main.o
 .text.LL_RCC_SetAPB1Prescaler
                0x08000410       0x28 ./Core/Src/main.o
 .text.LL_RCC_SetAPB2Prescaler
                0x08000438       0x28 ./Core/Src/main.o
 .text.LL_AHB2_GRP1_EnableClock
                0x08000460       0x30 ./Core/Src/main.o
 .text.LL_APB1_GRP1_EnableClock
                0x08000490       0x30 ./Core/Src/main.o
 .text.LL_APB2_GRP1_EnableClock
                0x080004c0       0x30 ./Core/Src/main.o
 .text.LL_FLASH_SetLatency
                0x080004f0       0x28 ./Core/Src/main.o
 .text.LL_FLASH_GetLatency
                0x08000518       0x1c ./Core/Src/main.o
 .text.LL_PWR_SetRegulVoltageScaling
                0x08000534       0x28 ./Core/Src/main.o
 .text.LL_PWR_IsActiveFlag_VOS
                0x0800055c       0x28 ./Core/Src/main.o
 .text.LL_TIM_EnableCounter
                0x08000584       0x20 ./Core/Src/main.o
 .text.LL_TIM_DisableARRPreload
                0x080005a4       0x20 ./Core/Src/main.o
 .text.LL_TIM_CC_EnableChannel
                0x080005c4       0x22 ./Core/Src/main.o
 *fill*         0x080005e6        0x2 
 .text.LL_TIM_OC_DisableFast
                0x080005e8       0xa4 ./Core/Src/main.o
 .text.LL_TIM_OC_EnablePreload
                0x0800068c       0xa0 ./Core/Src/main.o
 .text.LL_TIM_OC_SetCompareCH1
                0x0800072c       0x1c ./Core/Src/main.o
 .text.LL_TIM_DisableExternalClock
                0x08000748       0x20 ./Core/Src/main.o
 .text.LL_TIM_SetClockSource
                0x08000768       0x2a ./Core/Src/main.o
 .text.LL_TIM_SetTriggerOutput
                0x08000792       0x26 ./Core/Src/main.o
 .text.LL_TIM_SetTriggerOutput2
                0x080007b8       0x26 ./Core/Src/main.o
 .text.LL_TIM_DisableMasterSlaveMode
                0x080007de       0x20 ./Core/Src/main.o
 .text.LL_TIM_ConfigETR
                0x080007fe       0x32 ./Core/Src/main.o
 .text.LL_TIM_EnableAllOutputs
                0x08000830       0x20 ./Core/Src/main.o
 .text.LL_TIM_SetOCRefClearInputSource
                0x08000850       0x26 ./Core/Src/main.o
 .text.LL_GPIO_ResetOutputPin
                0x08000876       0x1c ./Core/Src/main.o
 *fill*         0x08000892        0x2 
 .text.main     0x08000894       0xac ./Core/Src/main.o
                0x08000894                main
 .text.SystemClock_Config
                0x08000940       0x84 ./Core/Src/main.o
                0x08000940                SystemClock_Config
 .text.MX_TIM1_Init
                0x080009c4      0x164 ./Core/Src/main.o
 .text.MX_GPIO_Init
                0x08000b28        0xe ./Core/Src/main.o
 .text.NMI_Handler
                0x08000b36        0x8 ./Core/Src/stm32l4xx_it.o
                0x08000b36                NMI_Handler
 .text.HardFault_Handler
                0x08000b3e        0x8 ./Core/Src/stm32l4xx_it.o
                0x08000b3e                HardFault_Handler
 .text.MemManage_Handler
                0x08000b46        0x8 ./Core/Src/stm32l4xx_it.o
                0x08000b46                MemManage_Handler
 .text.BusFault_Handler
                0x08000b4e        0x8 ./Core/Src/stm32l4xx_it.o
                0x08000b4e                BusFault_Handler
 .text.UsageFault_Handler
                0x08000b56        0x8 ./Core/Src/stm32l4xx_it.o
                0x08000b56                UsageFault_Handler
 .text.SVC_Handler
                0x08000b5e        0xe ./Core/Src/stm32l4xx_it.o
                0x08000b5e                SVC_Handler
 .text.DebugMon_Handler
                0x08000b6c        0xe ./Core/Src/stm32l4xx_it.o
                0x08000b6c                DebugMon_Handler
 .text.PendSV_Handler
                0x08000b7a        0xe ./Core/Src/stm32l4xx_it.o
                0x08000b7a                PendSV_Handler
 .text.SysTick_Handler
                0x08000b88        0xe ./Core/Src/stm32l4xx_it.o
                0x08000b88                SysTick_Handler
 *fill*         0x08000b96        0x2 
 .text.SystemInit
                0x08000b98       0x24 ./Core/Src/system_stm32l4xx.o
                0x08000b98                SystemInit
 .text.Reset_Handler
                0x08000bbc       0x50 ./Core/Startup/startup_stm32l412rbtxp.o
                0x08000bbc                Reset_Handler
 .text.Default_Handler
                0x08000c0c        0x2 ./Core/Startup/startup_stm32l412rbtxp.o
                0x08000c0c                TIM1_BRK_TIM15_IRQHandler
                0x08000c0c                EXTI2_IRQHandler
                0x08000c0c                TIM1_CC_IRQHandler
                0x08000c0c                TSC_IRQHandler
                0x08000c0c                TIM6_IRQHandler
                0x08000c0c                TAMP_STAMP_IRQHandler
                0x08000c0c                EXTI3_IRQHandler
                0x08000c0c                LPTIM2_IRQHandler
                0x08000c0c                I2C3_ER_IRQHandler
                0x08000c0c                EXTI0_IRQHandler
                0x08000c0c                I2C2_EV_IRQHandler
                0x08000c0c                FPU_IRQHandler
                0x08000c0c                TIM1_UP_TIM16_IRQHandler
                0x08000c0c                ADC1_2_IRQHandler
                0x08000c0c                SPI1_IRQHandler
                0x08000c0c                DMA2_Channel2_IRQHandler
                0x08000c0c                DMA1_Channel4_IRQHandler
                0x08000c0c                USART3_IRQHandler
                0x08000c0c                DMA1_Channel7_IRQHandler
                0x08000c0c                DMA2_Channel1_IRQHandler
                0x08000c0c                QUADSPI_IRQHandler
                0x08000c0c                I2C1_EV_IRQHandler
                0x08000c0c                DMA1_Channel6_IRQHandler
                0x08000c0c                DMA2_Channel4_IRQHandler
                0x08000c0c                RCC_IRQHandler
                0x08000c0c                TIM1_TRG_COM_IRQHandler
                0x08000c0c                DMA1_Channel1_IRQHandler
                0x08000c0c                Default_Handler
                0x08000c0c                DMA2_Channel7_IRQHandler
                0x08000c0c                EXTI15_10_IRQHandler
                0x08000c0c                I2C3_EV_IRQHandler
                0x08000c0c                USB_IRQHandler
                0x08000c0c                EXTI9_5_IRQHandler
                0x08000c0c                RTC_WKUP_IRQHandler
                0x08000c0c                PVD_PVM_IRQHandler
                0x08000c0c                SPI2_IRQHandler
                0x08000c0c                DMA2_Channel5_IRQHandler
                0x08000c0c                CRS_IRQHandler
                0x08000c0c                DMA1_Channel5_IRQHandler
                0x08000c0c                EXTI4_IRQHandler
                0x08000c0c                RNG_IRQHandler
                0x08000c0c                DMA1_Channel3_IRQHandler
                0x08000c0c                COMP_IRQHandler
                0x08000c0c                WWDG_IRQHandler
                0x08000c0c                LPUART1_IRQHandler
                0x08000c0c                DMA2_Channel6_IRQHandler
                0x08000c0c                TIM2_IRQHandler
                0x08000c0c                EXTI1_IRQHandler
                0x08000c0c                USART2_IRQHandler
                0x08000c0c                I2C2_ER_IRQHandler
                0x08000c0c                DMA1_Channel2_IRQHandler
                0x08000c0c                FLASH_IRQHandler
                0x08000c0c                USART1_IRQHandler
                0x08000c0c                I2C1_ER_IRQHandler
                0x08000c0c                LPTIM1_IRQHandler
                0x08000c0c                DMA2_Channel3_IRQHandler
                0x08000c0c                RTC_Alarm_IRQHandler
 .text.LL_GPIO_SetPinMode
                0x08000c0e       0x7a ./Drivers/STM32L4xx_HAL_Driver/Src/stm32l4xx_ll_gpio.o
 .text.LL_GPIO_SetPinOutputType
                0x08000c88       0x30 ./Drivers/STM32L4xx_HAL_Driver/Src/stm32l4xx_ll_gpio.o
 .text.LL_GPIO_SetPinSpeed
                0x08000cb8       0x7a ./Drivers/STM32L4xx_HAL_Driver/Src/stm32l4xx_ll_gpio.o
 .text.LL_GPIO_SetPinPull
                0x08000d32       0x7a ./Drivers/STM32L4xx_HAL_Driver/Src/stm32l4xx_ll_gpio.o
 .text.LL_GPIO_SetAFPin_0_7
                0x08000dac       0x7a ./Drivers/STM32L4xx_HAL_Driver/Src/stm32l4xx_ll_gpio.o
 .text.LL_GPIO_SetAFPin_8_15
                0x08000e26       0x7e ./Drivers/STM32L4xx_HAL_Driver/Src/stm32l4xx_ll_gpio.o
 .text.LL_GPIO_Init
                0x08000ea4       0xdc ./Drivers/STM32L4xx_HAL_Driver/Src/stm32l4xx_ll_gpio.o
                0x08000ea4                LL_GPIO_Init
 .text.LL_TIM_SetPrescaler
                0x08000f80       0x1c ./Drivers/STM32L4xx_HAL_Driver/Src/stm32l4xx_ll_tim.o
 .text.LL_TIM_SetAutoReload
                0x08000f9c       0x1c ./Drivers/STM32L4xx_HAL_Driver/Src/stm32l4xx_ll_tim.o
 .text.LL_TIM_SetRepetitionCounter
                0x08000fb8       0x1c ./Drivers/STM32L4xx_HAL_Driver/Src/stm32l4xx_ll_tim.o
 .text.LL_TIM_OC_SetCompareCH1
                0x08000fd4       0x1c ./Drivers/STM32L4xx_HAL_Driver/Src/stm32l4xx_ll_tim.o
 .text.LL_TIM_OC_SetCompareCH2
                0x08000ff0       0x1c ./Drivers/STM32L4xx_HAL_Driver/Src/stm32l4xx_ll_tim.o
 .text.LL_TIM_OC_SetCompareCH3
                0x0800100c       0x1c ./Drivers/STM32L4xx_HAL_Driver/Src/stm32l4xx_ll_tim.o
 .text.LL_TIM_OC_SetCompareCH4
                0x08001028       0x1c ./Drivers/STM32L4xx_HAL_Driver/Src/stm32l4xx_ll_tim.o
 .text.LL_TIM_OC_SetCompareCH5
                0x08001044       0x20 ./Drivers/STM32L4xx_HAL_Driver/Src/stm32l4xx_ll_tim.o
 .text.LL_TIM_OC_SetCompareCH6
                0x08001064       0x1c ./Drivers/STM32L4xx_HAL_Driver/Src/stm32l4xx_ll_tim.o
 .text.LL_TIM_GenerateEvent_UPDATE
                0x08001080       0x20 ./Drivers/STM32L4xx_HAL_Driver/Src/stm32l4xx_ll_tim.o
 .text.LL_TIM_Init
                0x080010a0       0xbc ./Drivers/STM32L4xx_HAL_Driver/Src/stm32l4xx_ll_tim.o
                0x080010a0                LL_TIM_Init
 .text.LL_TIM_OC_Init
                0x0800115c       0xbe ./Drivers/STM32L4xx_HAL_Driver/Src/stm32l4xx_ll_tim.o
                0x0800115c                LL_TIM_OC_Init
 *fill*         0x0800121a        0x2 
 .text.LL_TIM_BDTR_Init
                0x0800121c       0xc8 ./Drivers/STM32L4xx_HAL_Driver/Src/stm32l4xx_ll_tim.o
                0x0800121c                LL_TIM_BDTR_Init
 .text.OC1Config
                0x080012e4       0xe8 ./Drivers/STM32L4xx_HAL_Driver/Src/stm32l4xx_ll_tim.o
 .text.OC2Config
                0x080013cc       0xf0 ./Drivers/STM32L4xx_HAL_Driver/Src/stm32l4xx_ll_tim.o
 .text.OC3Config
                0x080014bc       0xf0 ./Drivers/STM32L4xx_HAL_Driver/Src/stm32l4xx_ll_tim.o
 .text.OC4Config
                0x080015ac       0xc0 ./Drivers/STM32L4xx_HAL_Driver/Src/stm32l4xx_ll_tim.o
 .text.OC5Config
                0x0800166c       0xb0 ./Drivers/STM32L4xx_HAL_Driver/Src/stm32l4xx_ll_tim.o
 .text.OC6Config
                0x0800171c       0xb0 ./Drivers/STM32L4xx_HAL_Driver/Src/stm32l4xx_ll_tim.o
 .text.LL_InitTick
                0x080017cc       0x34 ./Drivers/STM32L4xx_HAL_Driver/Src/stm32l4xx_ll_utils.o
 .text.LL_Init1msTick
                0x08001800       0x1a ./Drivers/STM32L4xx_HAL_Driver/Src/stm32l4xx_ll_utils.o
                0x08001800                LL_Init1msTick
 *fill*         0x0800181a        0x2 
 .text.LL_SetSystemCoreClock
                0x0800181c       0x20 ./Drivers/STM32L4xx_HAL_Driver/Src/stm32l4xx_ll_utils.o
                0x0800181c                LL_SetSystemCoreClock
 .text.memset   0x0800183c       0x10 /Applications/STM32CubeIDE.app/Contents/Eclipse/plugins/com.st.stm32cube.ide.mcu.externaltools.gnu-tools-for-stm32.12.3.rel1.macos64_1.0.200.202406191456/tools/bin/../lib/gcc/arm-none-eabi/12.3.1/../../../../arm-none-eabi/lib/thumb/v7e-m+fp/hard/libc_nano.a(libc_a-memset.o)
                0x0800183c                memset
 .text.__libc_init_array
                0x0800184c       0x48 /Applications/STM32CubeIDE.app/Contents/Eclipse/plugins/com.st.stm32cube.ide.mcu.externaltools.gnu-tools-for-stm32.12.3.rel1.macos64_1.0.200.202406191456/tools/bin/../lib/gcc/arm-none-eabi/12.3.1/../../../../arm-none-eabi/lib/thumb/v7e-m+fp/hard/libc_nano.a(libc_a-init.o)
                0x0800184c                __libc_init_array
 *(.glue_7)
 .glue_7        0x08001894        0x0 linker stubs
 *(.glue_7t)
 .glue_7t       0x08001894        0x0 linker stubs
 *(.eh_frame)
 .eh_frame      0x08001894        0x0 /Applications/STM32CubeIDE.app/Contents/Eclipse/plugins/com.st.stm32cube.ide.mcu.externaltools.gnu-tools-for-stm32.12.3.rel1.macos64_1.0.200.202406191456/tools/bin/../lib/gcc/arm-none-eabi/12.3.1/thumb/v7e-m+fp/hard/crtbegin.o
 *(.init)
 .init          0x08001894        0x4 /Applications/STM32CubeIDE.app/Contents/Eclipse/plugins/com.st.stm32cube.ide.mcu.externaltools.gnu-tools-for-stm32.12.3.rel1.macos64_1.0.200.202406191456/tools/bin/../lib/gcc/arm-none-eabi/12.3.1/thumb/v7e-m+fp/hard/crti.o
                0x08001894                _init
 .init          0x08001898        0x8 /Applications/STM32CubeIDE.app/Contents/Eclipse/plugins/com.st.stm32cube.ide.mcu.externaltools.gnu-tools-for-stm32.12.3.rel1.macos64_1.0.200.202406191456/tools/bin/../lib/gcc/arm-none-eabi/12.3.1/thumb/v7e-m+fp/hard/crtn.o
 *(.fini)
 .fini          0x080018a0        0x4 /Applications/STM32CubeIDE.app/Contents/Eclipse/plugins/com.st.stm32cube.ide.mcu.externaltools.gnu-tools-for-stm32.12.3.rel1.macos64_1.0.200.202406191456/tools/bin/../lib/gcc/arm-none-eabi/12.3.1/thumb/v7e-m+fp/hard/crti.o
                0x080018a0                _fini
 .fini          0x080018a4        0x8 /Applications/STM32CubeIDE.app/Contents/Eclipse/plugins/com.st.stm32cube.ide.mcu.externaltools.gnu-tools-for-stm32.12.3.rel1.macos64_1.0.200.202406191456/tools/bin/../lib/gcc/arm-none-eabi/12.3.1/thumb/v7e-m+fp/hard/crtn.o
                0x080018ac                        . = ALIGN (0x4)
                0x080018ac                        _etext = .

.vfp11_veneer   0x080018ac        0x0
 .vfp11_veneer  0x080018ac        0x0 linker stubs

.v4_bx          0x080018ac        0x0
 .v4_bx         0x080018ac        0x0 linker stubs

.iplt           0x080018ac        0x0
 .iplt          0x080018ac        0x0 /Applications/STM32CubeIDE.app/Contents/Eclipse/plugins/com.st.stm32cube.ide.mcu.externaltools.gnu-tools-for-stm32.12.3.rel1.macos64_1.0.200.202406191456/tools/bin/../lib/gcc/arm-none-eabi/12.3.1/thumb/v7e-m+fp/hard/crtbegin.o

.rodata         0x080018ac       0x18
                0x080018ac                        . = ALIGN (0x4)
 *(.rodata)
 *(.rodata*)
 .rodata.OFFSET_TAB_CCMRx
                0x080018ac        0x9 ./Core/Src/main.o
 *fill*         0x080018b5        0x3 
 .rodata.SHIFT_TAB_OCxx
                0x080018b8        0x9 ./Core/Src/main.o
                0x080018c4                        . = ALIGN (0x4)
 *fill*         0x080018c1        0x3 

.ARM.extab      0x080018c4        0x0
                0x080018c4                        . = ALIGN (0x4)
 *(.ARM.extab* .gnu.linkonce.armextab.*)
                0x080018c4                        . = ALIGN (0x4)

.ARM            0x080018c4        0x0
                0x080018c4                        . = ALIGN (0x4)
                0x080018c4                        __exidx_start = .
 *(.ARM.exidx*)
                0x080018c4                        __exidx_end = .
                0x080018c4                        . = ALIGN (0x4)

.preinit_array  0x080018c4        0x0
                0x080018c4                        . = ALIGN (0x4)
                0x080018c4                        PROVIDE (__preinit_array_start = .)
 *(.preinit_array*)
                0x080018c4                        PROVIDE (__preinit_array_end = .)
                0x080018c4                        . = ALIGN (0x4)

.init_array     0x080018c4        0x4
                0x080018c4                        . = ALIGN (0x4)
                0x080018c4                        PROVIDE (__init_array_start = .)
 *(SORT_BY_NAME(.init_array.*))
 *(.init_array*)
 .init_array    0x080018c4        0x4 /Applications/STM32CubeIDE.app/Contents/Eclipse/plugins/com.st.stm32cube.ide.mcu.externaltools.gnu-tools-for-stm32.12.3.rel1.macos64_1.0.200.202406191456/tools/bin/../lib/gcc/arm-none-eabi/12.3.1/thumb/v7e-m+fp/hard/crtbegin.o
                0x080018c8                        PROVIDE (__init_array_end = .)
                0x080018c8                        . = ALIGN (0x4)

.fini_array     0x080018c8        0x4
                0x080018c8                        . = ALIGN (0x4)
                [!provide]                        PROVIDE (__fini_array_start = .)
 *(SORT_BY_NAME(.fini_array.*))
 *(.fini_array*)
 .fini_array    0x080018c8        0x4 /Applications/STM32CubeIDE.app/Contents/Eclipse/plugins/com.st.stm32cube.ide.mcu.externaltools.gnu-tools-for-stm32.12.3.rel1.macos64_1.0.200.202406191456/tools/bin/../lib/gcc/arm-none-eabi/12.3.1/thumb/v7e-m+fp/hard/crtbegin.o
                [!provide]                        PROVIDE (__fini_array_end = .)
                0x080018cc                        . = ALIGN (0x4)
                0x080018cc                        _sidata = LOADADDR (.data)

.rel.dyn        0x080018cc        0x0
 .rel.iplt      0x080018cc        0x0 /Applications/STM32CubeIDE.app/Contents/Eclipse/plugins/com.st.stm32cube.ide.mcu.externaltools.gnu-tools-for-stm32.12.3.rel1.macos64_1.0.200.202406191456/tools/bin/../lib/gcc/arm-none-eabi/12.3.1/thumb/v7e-m+fp/hard/crtbegin.o

.data           0x20000000        0x4 load address 0x080018cc
                0x20000000                        . = ALIGN (0x4)
                0x20000000                        _sdata = .
 *(.data)
 *(.data*)
 .data.SystemCoreClock
                0x20000000        0x4 ./Core/Src/system_stm32l4xx.o
                0x20000000                SystemCoreClock
 *(.RamFunc)
 *(.RamFunc*)
                0x20000004                        . = ALIGN (0x4)
                0x20000004                        _edata = .

.igot.plt       0x20000004        0x0 load address 0x080018d0
 .igot.plt      0x20000004        0x0 /Applications/STM32CubeIDE.app/Contents/Eclipse/plugins/com.st.stm32cube.ide.mcu.externaltools.gnu-tools-for-stm32.12.3.rel1.macos64_1.0.200.202406191456/tools/bin/../lib/gcc/arm-none-eabi/12.3.1/thumb/v7e-m+fp/hard/crtbegin.o
                0x20000004                        . = ALIGN (0x4)

.bss            0x20000004       0x1c load address 0x080018d0
                0x20000004                        _sbss = .
                0x20000004                        __bss_start__ = _sbss
 *(.bss)
 .bss           0x20000004       0x1c /Applications/STM32CubeIDE.app/Contents/Eclipse/plugins/com.st.stm32cube.ide.mcu.externaltools.gnu-tools-for-stm32.12.3.rel1.macos64_1.0.200.202406191456/tools/bin/../lib/gcc/arm-none-eabi/12.3.1/thumb/v7e-m+fp/hard/crtbegin.o
 *(.bss*)
 *(COMMON)
                0x20000020                        . = ALIGN (0x4)
                0x20000020                        _ebss = .
                0x20000020                        __bss_end__ = _ebss

._user_heap_stack
                0x20000020      0x600 load address 0x080018d0
                0x20000020                        . = ALIGN (0x8)
                [!provide]                        PROVIDE (end = .)
                0x20000020                        PROVIDE (_end = .)
                0x20000220                        . = (. + _Min_Heap_Size)
 *fill*         0x20000020      0x200 
                0x20000620                        . = (. + _Min_Stack_Size)
 *fill*         0x20000220      0x400 
                0x20000620                        . = ALIGN (0x8)

/DISCARD/
 libc.a(*)
 libm.a(*)
 libgcc.a(*)

.ARM.attributes
                0x00000000       0x30
 *(.ARM.attributes)
 .ARM.attributes
                0x00000000       0x22 /Applications/STM32CubeIDE.app/Contents/Eclipse/plugins/com.st.stm32cube.ide.mcu.externaltools.gnu-tools-for-stm32.12.3.rel1.macos64_1.0.200.202406191456/tools/bin/../lib/gcc/arm-none-eabi/12.3.1/thumb/v7e-m+fp/hard/crti.o
 .ARM.attributes
                0x00000022       0x34 /Applications/STM32CubeIDE.app/Contents/Eclipse/plugins/com.st.stm32cube.ide.mcu.externaltools.gnu-tools-for-stm32.12.3.rel1.macos64_1.0.200.202406191456/tools/bin/../lib/gcc/arm-none-eabi/12.3.1/thumb/v7e-m+fp/hard/crtbegin.o
 .ARM.attributes
                0x00000056       0x34 ./Core/Src/main.o
 .ARM.attributes
                0x0000008a       0x34 ./Core/Src/stm32l4xx_it.o
 .ARM.attributes
                0x000000be       0x34 ./Core/Src/system_stm32l4xx.o
 .ARM.attributes
                0x000000f2       0x21 ./Core/Startup/startup_stm32l412rbtxp.o
 .ARM.attributes
                0x00000113       0x34 ./Drivers/STM32L4xx_HAL_Driver/Src/stm32l4xx_ll_gpio.o
 .ARM.attributes
                0x00000147       0x34 ./Drivers/STM32L4xx_HAL_Driver/Src/stm32l4xx_ll_tim.o
 .ARM.attributes
                0x0000017b       0x34 ./Drivers/STM32L4xx_HAL_Driver/Src/stm32l4xx_ll_utils.o
 .ARM.attributes
                0x000001af       0x34 /Applications/STM32CubeIDE.app/Contents/Eclipse/plugins/com.st.stm32cube.ide.mcu.externaltools.gnu-tools-for-stm32.12.3.rel1.macos64_1.0.200.202406191456/tools/bin/../lib/gcc/arm-none-eabi/12.3.1/../../../../arm-none-eabi/lib/thumb/v7e-m+fp/hard/libc_nano.a(libc_a-memset.o)
 .ARM.attributes
                0x000001e3       0x34 /Applications/STM32CubeIDE.app/Contents/Eclipse/plugins/com.st.stm32cube.ide.mcu.externaltools.gnu-tools-for-stm32.12.3.rel1.macos64_1.0.200.202406191456/tools/bin/../lib/gcc/arm-none-eabi/12.3.1/../../../../arm-none-eabi/lib/thumb/v7e-m+fp/hard/libc_nano.a(libc_a-init.o)
 .ARM.attributes
                0x00000217       0x22 /Applications/STM32CubeIDE.app/Contents/Eclipse/plugins/com.st.stm32cube.ide.mcu.externaltools.gnu-tools-for-stm32.12.3.rel1.macos64_1.0.200.202406191456/tools/bin/../lib/gcc/arm-none-eabi/12.3.1/thumb/v7e-m+fp/hard/crtn.o
OUTPUT(nucleo_pwm_cubeide.elf elf32-littlearm)
LOAD linker stubs
LOAD /Applications/STM32CubeIDE.app/Contents/Eclipse/plugins/com.st.stm32cube.ide.mcu.externaltools.gnu-tools-for-stm32.12.3.rel1.macos64_1.0.200.202406191456/tools/bin/../lib/gcc/arm-none-eabi/12.3.1/../../../../arm-none-eabi/lib/thumb/v7e-m+fp/hard/libc.a
LOAD /Applications/STM32CubeIDE.app/Contents/Eclipse/plugins/com.st.stm32cube.ide.mcu.externaltools.gnu-tools-for-stm32.12.3.rel1.macos64_1.0.200.202406191456/tools/bin/../lib/gcc/arm-none-eabi/12.3.1/../../../../arm-none-eabi/lib/thumb/v7e-m+fp/hard/libm.a
LOAD /Applications/STM32CubeIDE.app/Contents/Eclipse/plugins/com.st.stm32cube.ide.mcu.externaltools.gnu-tools-for-stm32.12.3.rel1.macos64_1.0.200.202406191456/tools/bin/../lib/gcc/arm-none-eabi/12.3.1/thumb/v7e-m+fp/hard/libgcc.a

.debug_info     0x00000000     0x450e
 .debug_info    0x00000000     0x1707 ./Core/Src/main.o
 .debug_info    0x00001707      0x1ae ./Core/Src/stm32l4xx_it.o
 .debug_info    0x000018b5      0x5b8 ./Core/Src/system_stm32l4xx.o
 .debug_info    0x00001e6d       0x30 ./Core/Startup/startup_stm32l412rbtxp.o
 .debug_info    0x00001e9d      0x94b ./Drivers/STM32L4xx_HAL_Driver/Src/stm32l4xx_ll_gpio.o
 .debug_info    0x000027e8     0x115c ./Drivers/STM32L4xx_HAL_Driver/Src/stm32l4xx_ll_tim.o
 .debug_info    0x00003944      0xbca ./Drivers/STM32L4xx_HAL_Driver/Src/stm32l4xx_ll_utils.o

.debug_abbrev   0x00000000      0xb37
 .debug_abbrev  0x00000000      0x2d7 ./Core/Src/main.o
 .debug_abbrev  0x000002d7       0x81 ./Core/Src/stm32l4xx_it.o
 .debug_abbrev  0x00000358      0x11a ./Core/Src/system_stm32l4xx.o
 .debug_abbrev  0x00000472       0x24 ./Core/Startup/startup_stm32l412rbtxp.o
 .debug_abbrev  0x00000496      0x235 ./Drivers/STM32L4xx_HAL_Driver/Src/stm32l4xx_ll_gpio.o
 .debug_abbrev  0x000006cb      0x20d ./Drivers/STM32L4xx_HAL_Driver/Src/stm32l4xx_ll_tim.o
 .debug_abbrev  0x000008d8      0x25f ./Drivers/STM32L4xx_HAL_Driver/Src/stm32l4xx_ll_utils.o

.debug_aranges  0x00000000      0x4f0
 .debug_aranges
                0x00000000      0x160 ./Core/Src/main.o
 .debug_aranges
                0x00000160       0x60 ./Core/Src/stm32l4xx_it.o
 .debug_aranges
                0x000001c0       0x28 ./Core/Src/system_stm32l4xx.o
 .debug_aranges
                0x000001e8       0x28 ./Core/Startup/startup_stm32l412rbtxp.o
 .debug_aranges
                0x00000210       0x70 ./Drivers/STM32L4xx_HAL_Driver/Src/stm32l4xx_ll_gpio.o
 .debug_aranges
                0x00000280      0x148 ./Drivers/STM32L4xx_HAL_Driver/Src/stm32l4xx_ll_tim.o
 .debug_aranges
                0x000003c8      0x128 ./Drivers/STM32L4xx_HAL_Driver/Src/stm32l4xx_ll_utils.o

.debug_rnglists
                0x00000000      0x3a9
 .debug_rnglists
                0x00000000      0x108 ./Core/Src/main.o
 .debug_rnglists
                0x00000108       0x43 ./Core/Src/stm32l4xx_it.o
 .debug_rnglists
                0x0000014b       0x1a ./Core/Src/system_stm32l4xx.o
 .debug_rnglists
                0x00000165       0x19 ./Core/Startup/startup_stm32l412rbtxp.o
 .debug_rnglists
                0x0000017e       0x51 ./Drivers/STM32L4xx_HAL_Driver/Src/stm32l4xx_ll_gpio.o
 .debug_rnglists
                0x000001cf       0xfe ./Drivers/STM32L4xx_HAL_Driver/Src/stm32l4xx_ll_tim.o
 .debug_rnglists
                0x000002cd       0xdc ./Drivers/STM32L4xx_HAL_Driver/Src/stm32l4xx_ll_utils.o

.debug_macro    0x00000000    0x13640
 .debug_macro   0x00000000      0x145 ./Core/Src/main.o
 .debug_macro   0x00000145      0xaf6 ./Core/Src/main.o
 .debug_macro   0x00000c3b       0x2e ./Core/Src/main.o
 .debug_macro   0x00000c69       0x28 ./Core/Src/main.o
 .debug_macro   0x00000c91       0x22 ./Core/Src/main.o
 .debug_macro   0x00000cb3       0x8e ./Core/Src/main.o
 .debug_macro   0x00000d41       0x51 ./Core/Src/main.o
 .debug_macro   0x00000d92      0x103 ./Core/Src/main.o
 .debug_macro   0x00000e95       0x6a ./Core/Src/main.o
 .debug_macro   0x00000eff      0x1df ./Core/Src/main.o
 .debug_macro   0x000010de       0x1c ./Core/Src/main.o
 .debug_macro   0x000010fa       0x22 ./Core/Src/main.o
 .debug_macro   0x0000111c       0xfb ./Core/Src/main.o
 .debug_macro   0x00001217     0x1011 ./Core/Src/main.o
 .debug_macro   0x00002228      0x11f ./Core/Src/main.o
 .debug_macro   0x00002347     0xe4b1 ./Core/Src/main.o
 .debug_macro   0x000107f8       0x6d ./Core/Src/main.o
 .debug_macro   0x00010865       0xca ./Core/Src/main.o
 .debug_macro   0x0001092f      0x563 ./Core/Src/main.o
 .debug_macro   0x00010e92      0x15a ./Core/Src/main.o
 .debug_macro   0x00010fec      0x233 ./Core/Src/main.o
 .debug_macro   0x0001121f      0x148 ./Core/Src/main.o
 .debug_macro   0x00011367      0x1a6 ./Core/Src/main.o
 .debug_macro   0x0001150d       0xa7 ./Core/Src/main.o
 .debug_macro   0x000115b4      0x1f2 ./Core/Src/main.o
 .debug_macro   0x000117a6      0x2cb ./Core/Src/main.o
 .debug_macro   0x00011a71      0x904 ./Core/Src/main.o
 .debug_macro   0x00012375      0x169 ./Core/Src/main.o
 .debug_macro   0x000124de       0x22 ./Core/Src/main.o
 .debug_macro   0x00012500      0x14f ./Core/Src/stm32l4xx_it.o
 .debug_macro   0x0001264f       0xcd ./Core/Src/system_stm32l4xx.o
 .debug_macro   0x0001271c      0x10f ./Drivers/STM32L4xx_HAL_Driver/Src/stm32l4xx_ll_gpio.o
 .debug_macro   0x0001282b      0x163 ./Drivers/STM32L4xx_HAL_Driver/Src/stm32l4xx_ll_gpio.o
 .debug_macro   0x0001298e      0x176 ./Drivers/STM32L4xx_HAL_Driver/Src/stm32l4xx_ll_tim.o
 .debug_macro   0x00012b04      0x8fe ./Drivers/STM32L4xx_HAL_Driver/Src/stm32l4xx_ll_tim.o
 .debug_macro   0x00013402      0x19d ./Drivers/STM32L4xx_HAL_Driver/Src/stm32l4xx_ll_utils.o
 .debug_macro   0x0001359f       0xa1 ./Drivers/STM32L4xx_HAL_Driver/Src/stm32l4xx_ll_utils.o

.debug_line     0x00000000     0x36fe
 .debug_line    0x00000000      0xc9e ./Core/Src/main.o
 .debug_line    0x00000c9e      0x677 ./Core/Src/stm32l4xx_it.o
 .debug_line    0x00001315      0x528 ./Core/Src/system_stm32l4xx.o
 .debug_line    0x0000183d       0x7a ./Core/Startup/startup_stm32l412rbtxp.o
 .debug_line    0x000018b7      0x7cb ./Drivers/STM32L4xx_HAL_Driver/Src/stm32l4xx_ll_gpio.o
 .debug_line    0x00002082      0xba6 ./Drivers/STM32L4xx_HAL_Driver/Src/stm32l4xx_ll_tim.o
 .debug_line    0x00002c28      0xad6 ./Drivers/STM32L4xx_HAL_Driver/Src/stm32l4xx_ll_utils.o

.debug_str      0x00000000    0x6e254
 .debug_str     0x00000000    0x6b189 ./Core/Src/main.o
                              0x6b484 (size before relaxing)
 .debug_str     0x0006b189       0xbd ./Core/Src/stm32l4xx_it.o
                              0x6a71b (size before relaxing)
 .debug_str     0x0006b246       0x8e ./Core/Src/system_stm32l4xx.o
                              0x5d3fc (size before relaxing)
 .debug_str     0x0006b2d4       0x45 ./Core/Startup/startup_stm32l412rbtxp.o
                                 0x98 (size before relaxing)
 .debug_str     0x0006b319      0x683 ./Drivers/STM32L4xx_HAL_Driver/Src/stm32l4xx_ll_gpio.o
                              0x5eb04 (size before relaxing)
 .debug_str     0x0006b99c     0x1ac6 ./Drivers/STM32L4xx_HAL_Driver/Src/stm32l4xx_ll_tim.o
                              0x64159 (size before relaxing)
 .debug_str     0x0006d462      0xdf2 ./Drivers/STM32L4xx_HAL_Driver/Src/stm32l4xx_ll_utils.o
                              0x62cf1 (size before relaxing)

.comment        0x00000000       0x43
 .comment       0x00000000       0x43 ./Core/Src/main.o
                                 0x44 (size before relaxing)
 .comment       0x00000043       0x44 ./Core/Src/stm32l4xx_it.o
 .comment       0x00000043       0x44 ./Core/Src/system_stm32l4xx.o
 .comment       0x00000043       0x44 ./Drivers/STM32L4xx_HAL_Driver/Src/stm32l4xx_ll_gpio.o
 .comment       0x00000043       0x44 ./Drivers/STM32L4xx_HAL_Driver/Src/stm32l4xx_ll_tim.o
 .comment       0x00000043       0x44 ./Drivers/STM32L4xx_HAL_Driver/Src/stm32l4xx_ll_utils.o

.debug_frame    0x00000000     0x1408
 .debug_frame   0x00000000      0x610 ./Core/Src/main.o
 .debug_frame   0x00000610      0x108 ./Core/Src/stm32l4xx_it.o
 .debug_frame   0x00000718       0x58 ./Core/Src/system_stm32l4xx.o
 .debug_frame   0x00000770      0x1c0 ./Drivers/STM32L4xx_HAL_Driver/Src/stm32l4xx_ll_gpio.o
 .debug_frame   0x00000930      0x5d0 ./Drivers/STM32L4xx_HAL_Driver/Src/stm32l4xx_ll_tim.o
 .debug_frame   0x00000f00      0x4bc ./Drivers/STM32L4xx_HAL_Driver/Src/stm32l4xx_ll_utils.o
 .debug_frame   0x000013bc       0x20 /Applications/STM32CubeIDE.app/Contents/Eclipse/plugins/com.st.stm32cube.ide.mcu.externaltools.gnu-tools-for-stm32.12.3.rel1.macos64_1.0.200.202406191456/tools/bin/../lib/gcc/arm-none-eabi/12.3.1/../../../../arm-none-eabi/lib/thumb/v7e-m+fp/hard/libc_nano.a(libc_a-memset.o)
 .debug_frame   0x000013dc       0x2c /Applications/STM32CubeIDE.app/Contents/Eclipse/plugins/com.st.stm32cube.ide.mcu.externaltools.gnu-tools-for-stm32.12.3.rel1.macos64_1.0.200.202406191456/tools/bin/../lib/gcc/arm-none-eabi/12.3.1/../../../../arm-none-eabi/lib/thumb/v7e-m+fp/hard/libc_nano.a(libc_a-init.o)

.debug_line_str
                0x00000000       0x7c
 .debug_line_str
                0x00000000       0x7c ./Core/Startup/startup_stm32l412rbtxp.o
