Archive member included to satisfy reference by file (symbol)

/Applications/ArmGNUToolchain/13.3.rel1/arm-none-eabi/bin/../lib/gcc/arm-none-eabi/13.3.1/../../../../arm-none-eabi/lib/thumb/v7e-m+fp/hard/libc_nano.a(libc_a-assert.o)
                              ./lib/FRAM_lib/fs_util.o (__assert_func)
/Applications/ArmGNUToolchain/13.3.rel1/arm-none-eabi/bin/../lib/gcc/arm-none-eabi/13.3.1/../../../../arm-none-eabi/lib/thumb/v7e-m+fp/hard/libc_nano.a(libc_a-exit.o)
                              /Applications/ArmGNUToolchain/13.3.rel1/arm-none-eabi/bin/../lib/gcc/arm-none-eabi/13.3.1/../../../../arm-none-eabi/lib/thumb/v7e-m+fp/hard/crt0.o (exit)
/Applications/ArmGNUToolchain/13.3.rel1/arm-none-eabi/bin/../lib/gcc/arm-none-eabi/13.3.1/../../../../arm-none-eabi/lib/thumb/v7e-m+fp/hard/libc_nano.a(libc_a-malloc.o)
                              ./lib/littlefs/lfs.o (malloc)
/Applications/ArmGNUToolchain/13.3.rel1/arm-none-eabi/bin/../lib/gcc/arm-none-eabi/13.3.1/../../../../arm-none-eabi/lib/thumb/v7e-m+fp/hard/libc_nano.a(libc_a-mallocr.o)
                              /Applications/ArmGNUToolchain/13.3.rel1/arm-none-eabi/bin/../lib/gcc/arm-none-eabi/13.3.1/../../../../arm-none-eabi/lib/thumb/v7e-m+fp/hard/libc_nano.a(libc_a-malloc.o) (_malloc_r)
/Applications/ArmGNUToolchain/13.3.rel1/arm-none-eabi/bin/../lib/gcc/arm-none-eabi/13.3.1/../../../../arm-none-eabi/lib/thumb/v7e-m+fp/hard/libc_nano.a(libc_a-mlock.o)
                              /Applications/ArmGNUToolchain/13.3.rel1/arm-none-eabi/bin/../lib/gcc/arm-none-eabi/13.3.1/../../../../arm-none-eabi/lib/thumb/v7e-m+fp/hard/libc_nano.a(libc_a-mallocr.o) (__malloc_lock)
/Applications/ArmGNUToolchain/13.3.rel1/arm-none-eabi/bin/../lib/gcc/arm-none-eabi/13.3.1/../../../../arm-none-eabi/lib/thumb/v7e-m+fp/hard/libc_nano.a(libc_a-findfp.o)
                              /Applications/ArmGNUToolchain/13.3.rel1/arm-none-eabi/bin/../lib/gcc/arm-none-eabi/13.3.1/../../../../arm-none-eabi/lib/thumb/v7e-m+fp/hard/libc_nano.a(libc_a-exit.o) (__stdio_exit_handler)
/Applications/ArmGNUToolchain/13.3.rel1/arm-none-eabi/bin/../lib/gcc/arm-none-eabi/13.3.1/../../../../arm-none-eabi/lib/thumb/v7e-m+fp/hard/libc_nano.a(libc_a-fprintf.o)
                              /Applications/ArmGNUToolchain/13.3.rel1/arm-none-eabi/bin/../lib/gcc/arm-none-eabi/13.3.1/../../../../arm-none-eabi/lib/thumb/v7e-m+fp/hard/libc_nano.a(libc_a-assert.o) (fiprintf)
/Applications/ArmGNUToolchain/13.3.rel1/arm-none-eabi/bin/../lib/gcc/arm-none-eabi/13.3.1/../../../../arm-none-eabi/lib/thumb/v7e-m+fp/hard/libc_nano.a(libc_a-fwalk.o)
                              /Applications/ArmGNUToolchain/13.3.rel1/arm-none-eabi/bin/../lib/gcc/arm-none-eabi/13.3.1/../../../../arm-none-eabi/lib/thumb/v7e-m+fp/hard/libc_nano.a(libc_a-findfp.o) (_fwalk_sglue)
/Applications/ArmGNUToolchain/13.3.rel1/arm-none-eabi/bin/../lib/gcc/arm-none-eabi/13.3.1/../../../../arm-none-eabi/lib/thumb/v7e-m+fp/hard/libc_nano.a(libc_a-printf.o)
                              ./lib/littlefs/lfs.o (printf)
/Applications/ArmGNUToolchain/13.3.rel1/arm-none-eabi/bin/../lib/gcc/arm-none-eabi/13.3.1/../../../../arm-none-eabi/lib/thumb/v7e-m+fp/hard/libc_nano.a(libc_a-memcmp.o)
                              ./lib/littlefs/lfs.o (memcmp)
/Applications/ArmGNUToolchain/13.3.rel1/arm-none-eabi/bin/../lib/gcc/arm-none-eabi/13.3.1/../../../../arm-none-eabi/lib/thumb/v7e-m+fp/hard/libc_nano.a(libc_a-memset.o)
                              /Applications/ArmGNUToolchain/13.3.rel1/arm-none-eabi/bin/../lib/gcc/arm-none-eabi/13.3.1/../../../../arm-none-eabi/lib/thumb/v7e-m+fp/hard/crt0.o (memset)
/Applications/ArmGNUToolchain/13.3.rel1/arm-none-eabi/bin/../lib/gcc/arm-none-eabi/13.3.1/../../../../arm-none-eabi/lib/thumb/v7e-m+fp/hard/libc_nano.a(libc_a-strchr.o)
                              ./lib/littlefs/lfs.o (strchr)
/Applications/ArmGNUToolchain/13.3.rel1/arm-none-eabi/bin/../lib/gcc/arm-none-eabi/13.3.1/../../../../arm-none-eabi/lib/thumb/v7e-m+fp/hard/libc_nano.a(libc_a-strcspn.o)
                              ./lib/littlefs/lfs.o (strcspn)
/Applications/ArmGNUToolchain/13.3.rel1/arm-none-eabi/bin/../lib/gcc/arm-none-eabi/13.3.1/../../../../arm-none-eabi/lib/thumb/v7e-m+fp/hard/libc_nano.a(libc_a-strspn.o)
                              ./lib/littlefs/lfs.o (strspn)
/Applications/ArmGNUToolchain/13.3.rel1/arm-none-eabi/bin/../lib/gcc/arm-none-eabi/13.3.1/../../../../arm-none-eabi/lib/thumb/v7e-m+fp/hard/libc_nano.a(libc_a-sbrkr.o)
                              /Applications/ArmGNUToolchain/13.3.rel1/arm-none-eabi/bin/../lib/gcc/arm-none-eabi/13.3.1/../../../../arm-none-eabi/lib/thumb/v7e-m+fp/hard/libc_nano.a(libc_a-mallocr.o) (_sbrk_r)
/Applications/ArmGNUToolchain/13.3.rel1/arm-none-eabi/bin/../lib/gcc/arm-none-eabi/13.3.1/../../../../arm-none-eabi/lib/thumb/v7e-m+fp/hard/libc_nano.a(libc_a-errno.o)
                              ./Core/Src/syscalls.o (__errno)
[...]
Memory Configuration

Name             Origin             Length             Attributes
RAM              0x20000000         0x0000a000         xrw
RAM2             0x10000000         0x00002000         xrw
FLASH            0x08000000         0x00010000         xr
*default*        0x00000000         0xffffffff

Linker script and memory map

LOAD /Applications/ArmGNUToolchain/13.3.rel1/arm-none-eabi/bin/../lib/gcc/arm-none-eabi/13.3.1/thumb/v7e-m+fp/hard/crti.o
LOAD /Applications/ArmGNUToolchain/13.3.rel1/arm-none-eabi/bin/../lib/gcc/arm-none-eabi/13.3.1/thumb/v7e-m+fp/hard/crtbegin.o
LOAD /Applications/ArmGNUToolchain/13.3.rel1/arm-none-eabi/bin/../lib/gcc/arm-none-eabi/13.3.1/../../../../arm-none-eabi/lib/thumb/v7e-m+fp/hard/crt0.o
LOAD ./Core/Src/main.o
LOAD ./Core/Src/stm32l4xx_it.o
LOAD ./Core/Src/syscalls.o
LOAD ./Core/Src/sysmem.o
LOAD ./Core/Src/system_stm32l4xx.o
LOAD ./Core/Startup/startup_stm32l412r8tx.o
LOAD ./Drivers/STM32L4xx_HAL_Driver/Src/stm32l4xx_ll_dma.o
LOAD ./Drivers/STM32L4xx_HAL_Driver/Src/stm32l4xx_ll_exti.o
LOAD ./Drivers/STM32L4xx_HAL_Driver/Src/stm32l4xx_ll_gpio.o
LOAD ./Drivers/STM32L4xx_HAL_Driver/Src/stm32l4xx_ll_pwr.o
LOAD ./Drivers/STM32L4xx_HAL_Driver/Src/stm32l4xx_ll_spi.o
LOAD ./Drivers/STM32L4xx_HAL_Driver/Src/stm32l4xx_ll_utils.o
LOAD ./Drivers/STM32L4xx_HAL_Driver/Src/stm32l4xx_ll_tim.o
LOAD ./lib/FRAM_lib/fram.o
LOAD ./lib/FRAM_lib/fs_util.o
LOAD ./lib/littlefs/lfs.o
LOAD ./lib/littlefs/lfs_util.o
START GROUP
LOAD /Applications/ArmGNUToolchain/13.3.rel1/arm-none-eabi/bin/../lib/gcc/arm-none-eabi/13.3.1/../../../../arm-none-eabi/lib/thumb/v7e-m+fp/hard/libc_nano.a
LOAD /Applications/ArmGNUToolchain/13.3.rel1/arm-none-eabi/bin/../lib/gcc/arm-none-eabi/13.3.1/../../../../arm-none-eabi/lib/thumb/v7e-m+fp/hard/libm.a
END GROUP
START GROUP
LOAD /Applications/ArmGNUToolchain/13.3.rel1/arm-none-eabi/bin/../lib/gcc/arm-none-eabi/13.3.1/thumb/v7e-m+fp/hard/libgcc.a
LOAD /Applications/ArmGNUToolchain/13.3.rel1/arm-none-eabi/bin/../lib/gcc/arm-none-eabi/13.3.1/../../../../arm-none-eabi/lib/thumb/v7e-m+fp/hard/libc_nano.a
END GROUP
START GROUP
LOAD /Applications/ArmGNUToolchain/13.3.rel1/arm-none-eabi/bin/../lib/gcc/arm-none-eabi/13.3.1/thumb/v7e-m+fp/hard/libgcc.a
LOAD /Applications/ArmGNUToolchain/13.3.rel1/arm-none-eabi/bin/../lib/gcc/arm-none-eabi/13.3.1/../../../../arm-none-eabi/lib/thumb/v7e-m+fp/hard/libc_nano.a
LOAD /Applications/ArmGNUToolchain/13.3.rel1/arm-none-eabi/bin/../lib/gcc/arm-none-eabi/13.3.1/../../../../arm-none-eabi/lib/thumb/v7e-m+fp/hard/libnosys.a
END GROUP
START GROUP
LOAD /Applications/ArmGNUToolchain/13.3.rel1/arm-none-eabi/bin/../lib/gcc/arm-none-eabi/13.3.1/thumb/v7e-m+fp/hard/libgcc.a
LOAD /Applications/ArmGNUToolchain/13.3.rel1/arm-none-eabi/bin/../lib/gcc/arm-none-eabi/13.3.1/../../../../arm-none-eabi/lib/thumb/v7e-m+fp/hard/libc_nano.a
LOAD /Applications/ArmGNUToolchain/13.3.rel1/arm-none-eabi/bin/../lib/gcc/arm-none-eabi/13.3.1/../../../../arm-none-eabi/lib/thumb/v7e-m+fp/hard/libnosys.a
END GROUP
LOAD /Applications/ArmGNUToolchain/13.3.rel1/arm-none-eabi/bin/../lib/gcc/arm-none-eabi/13.3.1/thumb/v7e-m+fp/hard/crtend.o
LOAD /Applications/ArmGNUToolchain/13.3.rel1/arm-none-eabi/bin/../lib/gcc/arm-none-eabi/13.3.1/thumb/v7e-m+fp/hard/crtn.o
                0x2000a000                        _estack = (ORIGIN (RAM) + LENGTH (RAM))
                0x00000200                        _Min_Heap_Size = 0x200
                0x00000400                        _Min_Stack_Size = 0x400

.isr_vector     0x08000000      0x18c
                0x08000000                        . = ALIGN (0x4)
 *(.isr_vector)
 .isr_vector    0x08000000      0x18c ./Core/Startup/startup_stm32l412r8tx.o
                0x08000000                g_pfnVectors
                0x0800018c                        . = ALIGN (0x4)

.text           0x0800018c     0x19a4
                0x0800018c                        . = ALIGN (0x4)
 *(.text)
 *(.text*)
 .text.deregister_tm_clones
                0x0800018c       0x1c /Applications/ArmGNUToolchain/13.3.rel1/arm-none-eabi/bin/../lib/gcc/arm-none-eabi/13.3.1/thumb/v7e-m+fp/hard/crtbegin.o
 .text.register_tm_clones
                0x080001a8       0x24 /Applications/ArmGNUToolchain/13.3.rel1/arm-none-eabi/bin/../lib/gcc/arm-none-eabi/13.3.1/thumb/v7e-m+fp/hard/crtbegin.o
 .text.__do_global_dtors_aux
                0x080001cc       0x28 /Applications/ArmGNUToolchain/13.3.rel1/arm-none-eabi/bin/../lib/gcc/arm-none-eabi/13.3.1/thumb/v7e-m+fp/hard/crtbegin.o
 .text.frame_dummy
                0x080001f4       0x24 /Applications/ArmGNUToolchain/13.3.rel1/arm-none-eabi/bin/../lib/gcc/arm-none-eabi/13.3.1/thumb/v7e-m+fp/hard/crtbegin.o
 .text.__NVIC_SetPriorityGrouping
                0x08000218       0x48 ./Core/Src/main.o
 .text.__NVIC_GetPriorityGrouping
                0x08000260       0x1c ./Core/Src/main.o
 .text.__NVIC_SetPriority
                0x0800027c       0x54 ./Core/Src/main.o
 .text.NVIC_EncodePriority
                0x080002d0       0x66 ./Core/Src/main.o
 *fill*         0x08000336        0x2 
 .text.LL_RCC_MSI_Enable
                0x08000338       0x20 ./Core/Src/main.o
 .text.LL_RCC_MSI_IsReady
                0x08000358       0x24 ./Core/Src/main.o
 .text.LL_RCC_MSI_EnableRangeSelection
                0x0800037c       0x20 ./Core/Src/main.o
 .text.LL_RCC_MSI_SetRange
                0x0800039c       0x28 ./Core/Src/main.o
 .text.LL_RCC_MSI_SetCalibTrimming
                0x080003c4       0x2c ./Core/Src/main.o
 .text.LL_RCC_SetSysClkSource
                0x080003f0       0x28 ./Core/Src/main.o
 .text.LL_RCC_GetSysClkSource
                0x08000418       0x1c ./Core/Src/main.o
 .text.LL_RCC_SetAHBPrescaler
                0x08000434       0x28 ./Core/Src/main.o
 .text.LL_RCC_SetAPB1Prescaler
                0x0800045c       0x28 ./Core/Src/main.o
 .text.LL_RCC_SetAPB2Prescaler
                0x08000484       0x28 ./Core/Src/main.o
 .text.LL_AHB2_GRP1_EnableClock
                0x080004ac       0x30 ./Core/Src/main.o
 .text.LL_APB1_GRP1_EnableClock
                0x080004dc       0x30 ./Core/Src/main.o
 .text.LL_APB2_GRP1_EnableClock
                0x0800050c       0x30 ./Core/Src/main.o
 .text.LL_FLASH_SetLatency
                0x0800053c       0x28 ./Core/Src/main.o
 .text.LL_FLASH_GetLatency
                0x08000564       0x1c ./Core/Src/main.o
 .text.LL_PWR_SetRegulVoltageScaling
                0x08000580       0x28 ./Core/Src/main.o
 .text.LL_PWR_IsActiveFlag_VOS
                0x080005a8       0x28 ./Core/Src/main.o
 .text.LL_SPI_Enable
                0x080005d0       0x20 ./Core/Src/main.o
 .text.LL_SPI_SetStandard
                0x080005f0       0x26 ./Core/Src/main.o
 .text.LL_SPI_EnableNSSPulseMgt
                0x08000616       0x20 ./Core/Src/main.o
 .text.LL_TIM_EnableCounter
                0x08000636       0x20 ./Core/Src/main.o
 .text.LL_TIM_DisableARRPreload
                0x08000656       0x20 ./Core/Src/main.o
 .text.LL_TIM_CC_EnableChannel
                0x08000676       0x22 ./Core/Src/main.o
 .text.LL_TIM_OC_DisableFast
                0x08000698       0xa4 ./Core/Src/main.o
 .text.LL_TIM_OC_EnablePreload
                0x0800073c       0xa0 ./Core/Src/main.o
 .text.LL_TIM_OC_SetCompareCH1
                0x080007dc       0x1c ./Core/Src/main.o
 .text.LL_TIM_DisableExternalClock
                0x080007f8       0x20 ./Core/Src/main.o
 .text.LL_TIM_SetClockSource
                0x08000818       0x2a ./Core/Src/main.o
 .text.LL_TIM_SetTriggerOutput
                0x08000842       0x26 ./Core/Src/main.o
 .text.LL_TIM_SetTriggerOutput2
                0x08000868       0x26 ./Core/Src/main.o
 .text.LL_TIM_DisableMasterSlaveMode
                0x0800088e       0x20 ./Core/Src/main.o
 .text.LL_TIM_ConfigETR
                0x080008ae       0x32 ./Core/Src/main.o
 .text.LL_TIM_EnableAllOutputs
                0x080008e0       0x20 ./Core/Src/main.o
 .text.LL_TIM_SetOCRefClearInputSource
                0x08000900       0x26 ./Core/Src/main.o
 .text.LL_GPIO_ResetOutputPin
                0x08000926       0x1c ./Core/Src/main.o
 *fill*         0x08000942        0x2 
 .text.main     0x08000944       0x74 ./Core/Src/main.o
                0x08000944                main
 .text.SystemClock_Config
                0x080009b8       0x84 ./Core/Src/main.o
                0x080009b8                SystemClock_Config
 .text.MX_SPI2_Init
                0x08000a3c       0xb4 ./Core/Src/main.o
 .text.MX_GPIO_Init
                0x08000af0       0x50 ./Core/Src/main.o
 .text.MX_TIM1_Init
                0x08000b40      0x160 ./Core/Src/main.o
 .text.NMI_Handler
                0x08000ca0        0x8 ./Core/Src/stm32l4xx_it.o
                0x08000ca0                NMI_Handler
 .text.HardFault_Handler
                0x08000ca8        0x8 ./Core/Src/stm32l4xx_it.o
                0x08000ca8                HardFault_Handler
 .text.MemManage_Handler
                0x08000cb0        0x8 ./Core/Src/stm32l4xx_it.o
                0x08000cb0                MemManage_Handler
 .text.BusFault_Handler
                0x08000cb8        0x8 ./Core/Src/stm32l4xx_it.o
                0x08000cb8                BusFault_Handler
 .text.UsageFault_Handler
                0x08000cc0        0x8 ./Core/Src/stm32l4xx_it.o
                0x08000cc0                UsageFault_Handler
 .text.SVC_Handler
                0x08000cc8        0xe ./Core/Src/stm32l4xx_it.o
                0x08000cc8                SVC_Handler
 .text.DebugMon_Handler
                0x08000cd6        0xe ./Core/Src/stm32l4xx_it.o
                0x08000cd6                DebugMon_Handler
 .text.PendSV_Handler
                0x08000ce4        0xe ./Core/Src/stm32l4xx_it.o
                0x08000ce4                PendSV_Handler
 .text.SysTick_Handler
                0x08000cf2        0xe ./Core/Src/stm32l4xx_it.o
                0x08000cf2                SysTick_Handler
 .text.SystemInit
                0x08000d00       0x24 ./Core/Src/system_stm32l4xx.o
                0x08000d00                SystemInit
 .text.Reset_Handler
                0x08000d24       0x50 ./Core/Startup/startup_stm32l412r8tx.o
                0x08000d24                Reset_Handler
 .text.Default_Handler
                0x08000d74        0x2 ./Core/Startup/startup_stm32l412r8tx.o
                0x08000d74                TIM1_BRK_TIM15_IRQHandler
                0x08000d74                EXTI2_IRQHandler
                0x08000d74                TIM1_CC_IRQHandler
                0x08000d74                TSC_IRQHandler
                0x08000d74                TIM6_IRQHandler
                0x08000d74                TAMP_STAMP_IRQHandler
                0x08000d74                EXTI3_IRQHandler
                0x08000d74                LPTIM2_IRQHandler
                0x08000d74                I2C3_ER_IRQHandler
                0x08000d74                EXTI0_IRQHandler
                0x08000d74                I2C2_EV_IRQHandler
                0x08000d74                FPU_IRQHandler
                0x08000d74                TIM1_UP_TIM16_IRQHandler
                0x08000d74                ADC1_2_IRQHandler
                0x08000d74                SPI1_IRQHandler
                0x08000d74                DMA2_Channel2_IRQHandler
                0x08000d74                DMA1_Channel4_IRQHandler
                0x08000d74                USART3_IRQHandler
                0x08000d74                DMA1_Channel7_IRQHandler
                0x08000d74                DMA2_Channel1_IRQHandler
                0x08000d74                QUADSPI_IRQHandler
                0x08000d74                I2C1_EV_IRQHandler
                0x08000d74                DMA1_Channel6_IRQHandler
                0x08000d74                DMA2_Channel4_IRQHandler
                0x08000d74                RCC_IRQHandler
                0x08000d74                TIM1_TRG_COM_IRQHandler
                0x08000d74                DMA1_Channel1_IRQHandler
                0x08000d74                Default_Handler
                0x08000d74                DMA2_Channel7_IRQHandler
                0x08000d74                EXTI15_10_IRQHandler
                0x08000d74                I2C3_EV_IRQHandler
                0x08000d74                USB_IRQHandler
                0x08000d74                EXTI9_5_IRQHandler
                0x08000d74                RTC_WKUP_IRQHandler
                0x08000d74                PVD_PVM_IRQHandler
                0x08000d74                SPI2_IRQHandler
                0x08000d74                DMA2_Channel5_IRQHandler
                0x08000d74                CRS_IRQHandler
                0x08000d74                DMA1_Channel5_IRQHandler
                0x08000d74                EXTI4_IRQHandler
                0x08000d74                RNG_IRQHandler
                0x08000d74                DMA1_Channel3_IRQHandler
                0x08000d74                COMP_IRQHandler
                0x08000d74                WWDG_IRQHandler
                0x08000d74                LPUART1_IRQHandler
                0x08000d74                DMA2_Channel6_IRQHandler
                0x08000d74                TIM2_IRQHandler
                0x08000d74                EXTI1_IRQHandler
                0x08000d74                USART2_IRQHandler
                0x08000d74                I2C2_ER_IRQHandler
                0x08000d74                DMA1_Channel2_IRQHandler
                0x08000d74                FLASH_IRQHandler
                0x08000d74                USART1_IRQHandler
                0x08000d74                I2C1_ER_IRQHandler
                0x08000d74                LPTIM1_IRQHandler
                0x08000d74                DMA2_Channel3_IRQHandler
                0x08000d74                RTC_Alarm_IRQHandler
 .text.LL_GPIO_SetPinMode
                0x08000d76       0x7a ./Drivers/STM32L4xx_HAL_Driver/Src/stm32l4xx_ll_gpio.o
 .text.LL_GPIO_SetPinOutputType
                0x08000df0       0x30 ./Drivers/STM32L4xx_HAL_Driver/Src/stm32l4xx_ll_gpio.o
 .text.LL_GPIO_SetPinSpeed
                0x08000e20       0x7a ./Drivers/STM32L4xx_HAL_Driver/Src/stm32l4xx_ll_gpio.o
 .text.LL_GPIO_SetPinPull
                0x08000e9a       0x7a ./Drivers/STM32L4xx_HAL_Driver/Src/stm32l4xx_ll_gpio.o
 .text.LL_GPIO_SetAFPin_0_7
                0x08000f14       0x7a ./Drivers/STM32L4xx_HAL_Driver/Src/stm32l4xx_ll_gpio.o
 .text.LL_GPIO_SetAFPin_8_15
                0x08000f8e       0x7e ./Drivers/STM32L4xx_HAL_Driver/Src/stm32l4xx_ll_gpio.o
 .text.LL_GPIO_Init
                0x0800100c       0xdc ./Drivers/STM32L4xx_HAL_Driver/Src/stm32l4xx_ll_gpio.o
                0x0800100c                LL_GPIO_Init
 .text.LL_SPI_IsEnabled
                0x080010e8       0x26 ./Drivers/STM32L4xx_HAL_Driver/Src/stm32l4xx_ll_spi.o
 .text.LL_SPI_SetRxFIFOThreshold
                0x0800110e       0x26 ./Drivers/STM32L4xx_HAL_Driver/Src/stm32l4xx_ll_spi.o
 .text.LL_SPI_SetCRCPolynomial
                0x08001134       0x20 ./Drivers/STM32L4xx_HAL_Driver/Src/stm32l4xx_ll_spi.o
 .text.LL_SPI_Init
                0x08001154       0xb0 ./Drivers/STM32L4xx_HAL_Driver/Src/stm32l4xx_ll_spi.o
                0x08001154                LL_SPI_Init
 .text.LL_InitTick
                0x08001204       0x34 ./Drivers/STM32L4xx_HAL_Driver/Src/stm32l4xx_ll_utils.o
 .text.LL_Init1msTick
                0x08001238       0x1a ./Drivers/STM32L4xx_HAL_Driver/Src/stm32l4xx_ll_utils.o
                0x08001238                LL_Init1msTick
 *fill*         0x08001252        0x2 
 .text.LL_SetSystemCoreClock
                0x08001254       0x20 ./Drivers/STM32L4xx_HAL_Driver/Src/stm32l4xx_ll_utils.o
                0x08001254                LL_SetSystemCoreClock
 .text.LL_TIM_SetPrescaler
                0x08001274       0x1c ./Drivers/STM32L4xx_HAL_Driver/Src/stm32l4xx_ll_tim.o
 .text.LL_TIM_SetAutoReload
                0x08001290       0x1c ./Drivers/STM32L4xx_HAL_Driver/Src/stm32l4xx_ll_tim.o
 .text.LL_TIM_SetRepetitionCounter
                0x080012ac       0x1c ./Drivers/STM32L4xx_HAL_Driver/Src/stm32l4xx_ll_tim.o
 .text.LL_TIM_OC_SetCompareCH1
                0x080012c8       0x1c ./Drivers/STM32L4xx_HAL_Driver/Src/stm32l4xx_ll_tim.o
 .text.LL_TIM_OC_SetCompareCH2
                0x080012e4       0x1c ./Drivers/STM32L4xx_HAL_Driver/Src/stm32l4xx_ll_tim.o
 .text.LL_TIM_OC_SetCompareCH3
                0x08001300       0x1c ./Drivers/STM32L4xx_HAL_Driver/Src/stm32l4xx_ll_tim.o
 .text.LL_TIM_OC_SetCompareCH4
                0x0800131c       0x1c ./Drivers/STM32L4xx_HAL_Driver/Src/stm32l4xx_ll_tim.o
 .text.LL_TIM_OC_SetCompareCH5
                0x08001338       0x20 ./Drivers/STM32L4xx_HAL_Driver/Src/stm32l4xx_ll_tim.o
 .text.LL_TIM_OC_SetCompareCH6
                0x08001358       0x1c ./Drivers/STM32L4xx_HAL_Driver/Src/stm32l4xx_ll_tim.o
 .text.LL_TIM_GenerateEvent_UPDATE
                0x08001374       0x20 ./Drivers/STM32L4xx_HAL_Driver/Src/stm32l4xx_ll_tim.o
 .text.LL_TIM_Init
                0x08001394       0xbc ./Drivers/STM32L4xx_HAL_Driver/Src/stm32l4xx_ll_tim.o
                0x08001394                LL_TIM_Init
 .text.LL_TIM_OC_Init
                0x08001450       0xbe ./Drivers/STM32L4xx_HAL_Driver/Src/stm32l4xx_ll_tim.o
                0x08001450                LL_TIM_OC_Init
 *fill*         0x0800150e        0x2 
 .text.LL_TIM_BDTR_Init
                0x08001510       0xc8 ./Drivers/STM32L4xx_HAL_Driver/Src/stm32l4xx_ll_tim.o
                0x08001510                LL_TIM_BDTR_Init
 .text.OC1Config
                0x080015d8       0xe8 ./Drivers/STM32L4xx_HAL_Driver/Src/stm32l4xx_ll_tim.o
 .text.OC2Config
                0x080016c0       0xf0 ./Drivers/STM32L4xx_HAL_Driver/Src/stm32l4xx_ll_tim.o
 .text.OC3Config
                0x080017b0       0xf0 ./Drivers/STM32L4xx_HAL_Driver/Src/stm32l4xx_ll_tim.o
 .text.OC4Config
                0x080018a0       0xc0 ./Drivers/STM32L4xx_HAL_Driver/Src/stm32l4xx_ll_tim.o
 .text.OC5Config
                0x08001960       0xb0 ./Drivers/STM32L4xx_HAL_Driver/Src/stm32l4xx_ll_tim.o
 .text.OC6Config
                0x08001a10       0xb0 ./Drivers/STM32L4xx_HAL_Driver/Src/stm32l4xx_ll_tim.o
 .text.memset   0x08001ac0       0x10 /Applications/ArmGNUToolchain/13.3.rel1/arm-none-eabi/bin/../lib/gcc/arm-none-eabi/13.3.1/../../../../arm-none-eabi/lib/thumb/v7e-m+fp/hard/libc_nano.a(libc_a-memset.o)
                0x08001ac0                memset
 .text.__libc_init_array
                0x08001ad0       0x48 /Applications/ArmGNUToolchain/13.3.rel1/arm-none-eabi/bin/../lib/gcc/arm-none-eabi/13.3.1/../../../../arm-none-eabi/lib/thumb/v7e-m+fp/hard/libc_nano.a(libc_a-init.o)
                0x08001ad0                __libc_init_array
 *(.glue_7)
 .glue_7        0x08001b18        0x0 linker stubs
 *(.glue_7t)
 .glue_7t       0x08001b18        0x0 linker stubs
 *(.eh_frame)
 .eh_frame      0x08001b18        0x0 /Applications/ArmGNUToolchain/13.3.rel1/arm-none-eabi/bin/../lib/gcc/arm-none-eabi/13.3.1/thumb/v7e-m+fp/hard/crtbegin.o
 *(.init)
 .init          0x08001b18        0x4 /Applications/ArmGNUToolchain/13.3.rel1/arm-none-eabi/bin/../lib/gcc/arm-none-eabi/13.3.1/thumb/v7e-m+fp/hard/crti.o
                0x08001b18                _init
 .init          0x08001b1c        0x8 /Applications/ArmGNUToolchain/13.3.rel1/arm-none-eabi/bin/../lib/gcc/arm-none-eabi/13.3.1/thumb/v7e-m+fp/hard/crtn.o
 *(.fini)
 .fini          0x08001b24        0x4 /Applications/ArmGNUToolchain/13.3.rel1/arm-none-eabi/bin/../lib/gcc/arm-none-eabi/13.3.1/thumb/v7e-m+fp/hard/crti.o
                0x08001b24                _fini
 .fini          0x08001b28        0x8 /Applications/ArmGNUToolchain/13.3.rel1/arm-none-eabi/bin/../lib/gcc/arm-none-eabi/13.3.1/thumb/v7e-m+fp/hard/crtn.o
                0x08001b30                        . = ALIGN (0x4)
                0x08001b30                        _etext = .

.vfp11_veneer   0x08001b30        0x0
 .vfp11_veneer  0x08001b30        0x0 linker stubs

.v4_bx          0x08001b30        0x0
 .v4_bx         0x08001b30        0x0 linker stubs

.iplt           0x08001b30        0x0
 .iplt          0x08001b30        0x0 /Applications/ArmGNUToolchain/13.3.rel1/arm-none-eabi/bin/../lib/gcc/arm-none-eabi/13.3.1/thumb/v7e-m+fp/hard/crtbegin.o

.rodata         0x08001b30       0x18
                0x08001b30                        . = ALIGN (0x4)
 *(.rodata)
 *(.rodata*)
 .rodata.OFFSET_TAB_CCMRx
                0x08001b30        0x9 ./Core/Src/main.o
 *fill*         0x08001b39        0x3 
 .rodata.SHIFT_TAB_OCxx
                0x08001b3c        0x9 ./Core/Src/main.o
                0x08001b48                        . = ALIGN (0x4)
 *fill*         0x08001b45        0x3 

.ARM.extab      0x08001b48        0x0
                0x08001b48                        . = ALIGN (0x4)
 *(.ARM.extab* .gnu.linkonce.armextab.*)
                0x08001b48                        . = ALIGN (0x4)

.ARM            0x08001b48        0x0
                0x08001b48                        . = ALIGN (0x4)
                0x08001b48                        __exidx_start = .
 *(.ARM.exidx*)
                0x08001b48                        __exidx_end = .
                0x08001b48                        . = ALIGN (0x4)

.preinit_array  0x08001b48        0x0
                0x08001b48                        . = ALIGN (0x4)
                0x08001b48                        PROVIDE (__preinit_array_start = .)
 *(.preinit_array*)
                0x08001b48                        PROVIDE (__preinit_array_end = .)
                0x08001b48                        . = ALIGN (0x4)

.init_array     0x08001b48        0x4
                0x08001b48                        . = ALIGN (0x4)
                0x08001b48                        PROVIDE (__init_array_start = .)
 *(SORT_BY_NAME(.init_array.*))
 *(.init_array*)
 .init_array    0x08001b48        0x4 /Applications/ArmGNUToolchain/13.3.rel1/arm-none-eabi/bin/../lib/gcc/arm-none-eabi/13.3.1/thumb/v7e-m+fp/hard/crtbegin.o
                0x08001b4c                        PROVIDE (__init_array_end = .)
                0x08001b4c                        . = ALIGN (0x4)

.fini_array     0x08001b4c        0x4
                0x08001b4c                        . = ALIGN (0x4)
                [!provide]                        PROVIDE (__fini_array_start = .)
 *(SORT_BY_NAME(.fini_array.*))
 *(.fini_array*)
 .fini_array    0x08001b4c        0x4 /Applications/ArmGNUToolchain/13.3.rel1/arm-none-eabi/bin/../lib/gcc/arm-none-eabi/13.3.1/thumb/v7e-m+fp/hard/crtbegin.o
                [!provide]                        PROVIDE (__fini_array_end = .)
                0x08001b50                        . = ALIGN (0x4)
                0x08001b50                        _sidata = LOADADDR (.data)

.rel.dyn        0x08001b50        0x0
 .rel.iplt      0x08001b50        0x0 /Applications/ArmGNUToolchain/13.3.rel1/arm-none-eabi/bin/../lib/gcc/arm-none-eabi/13.3.1/thumb/v7e-m+fp/hard/crtbegin.o

.data           0x20000000        0x4 load address 0x08001b50
                0x20000000                        . = ALIGN (0x4)
                0x20000000                        _sdata = .
 *(.data)
 *(.data*)
 .data.SystemCoreClock
                0x20000000        0x4 ./Core/Src/system_stm32l4xx.o
                0x20000000                SystemCoreClock
 *(.RamFunc)
 *(.RamFunc*)
                0x20000004                        . = ALIGN (0x4)
                0x20000004                        _edata = .

.tm_clone_table
                0x20000004        0x0 load address 0x08001b54
 .tm_clone_table
                0x20000004        0x0 /Applications/ArmGNUToolchain/13.3.rel1/arm-none-eabi/bin/../lib/gcc/arm-none-eabi/13.3.1/thumb/v7e-m+fp/hard/crtbegin.o
 .tm_clone_table
                0x20000004        0x0 /Applications/ArmGNUToolchain/13.3.rel1/arm-none-eabi/bin/../lib/gcc/arm-none-eabi/13.3.1/thumb/v7e-m+fp/hard/crtend.o

.igot.plt       0x20000004        0x0 load address 0x08001b54
 .igot.plt      0x20000004        0x0 /Applications/ArmGNUToolchain/13.3.rel1/arm-none-eabi/bin/../lib/gcc/arm-none-eabi/13.3.1/thumb/v7e-m+fp/hard/crtbegin.o
                0x20000004                        . = ALIGN (0x4)

.bss            0x20000004       0x1c load address 0x08001b54
                0x20000004                        _sbss = .
                0x20000004                        __bss_start__ = _sbss
 *(.bss)
 *(.bss*)
 .bss.completed.1
                0x20000004        0x1 /Applications/ArmGNUToolchain/13.3.rel1/arm-none-eabi/bin/../lib/gcc/arm-none-eabi/13.3.1/thumb/v7e-m+fp/hard/crtbegin.o
 *fill*         0x20000005        0x3 
 .bss.object.0  0x20000008       0x18 /Applications/ArmGNUToolchain/13.3.rel1/arm-none-eabi/bin/../lib/gcc/arm-none-eabi/13.3.1/thumb/v7e-m+fp/hard/crtbegin.o
 *(COMMON)
                0x20000020                        . = ALIGN (0x4)
                0x20000020                        _ebss = .
                0x20000020                        __bss_end__ = _ebss

._user_heap_stack
                0x20000020      0x600 load address 0x08001b54
                0x20000020                        . = ALIGN (0x8)
                [!provide]                        PROVIDE (end = .)
                0x20000020                        PROVIDE (_end = .)
                0x20000220                        . = (. + _Min_Heap_Size)
 *fill*         0x20000020      0x200 
                0x20000620                        . = (. + _Min_Stack_Size)
 *fill*         0x20000220      0x400 
                0x20000620                        . = ALIGN (0x8)

/DISCARD/
 libc.a(*)
 libm.a(*)
 libgcc.a(*)

.ARM.attributes
                0x00000000       0x30
 *(.ARM.attributes)
 .ARM.attributes
                0x00000000       0x22 /Applications/ArmGNUToolchain/13.3.rel1/arm-none-eabi/bin/../lib/gcc/arm-none-eabi/13.3.1/thumb/v7e-m+fp/hard/crti.o
 .ARM.attributes
                0x00000022       0x34 /Applications/ArmGNUToolchain/13.3.rel1/arm-none-eabi/bin/../lib/gcc/arm-none-eabi/13.3.1/thumb/v7e-m+fp/hard/crtbegin.o
 .ARM.attributes
                0x00000056       0x34 ./Core/Src/main.o
 .ARM.attributes
                0x0000008a       0x34 ./Core/Src/stm32l4xx_it.o
 .ARM.attributes
                0x000000be       0x34 ./Core/Src/system_stm32l4xx.o
 .ARM.attributes
                0x000000f2       0x21 ./Core/Startup/startup_stm32l412r8tx.o
 .ARM.attributes
                0x00000113       0x34 ./Drivers/STM32L4xx_HAL_Driver/Src/stm32l4xx_ll_gpio.o
 .ARM.attributes
                0x00000147       0x34 ./Drivers/STM32L4xx_HAL_Driver/Src/stm32l4xx_ll_spi.o
 .ARM.attributes
                0x0000017b       0x34 ./Drivers/STM32L4xx_HAL_Driver/Src/stm32l4xx_ll_utils.o
 .ARM.attributes
                0x000001af       0x34 ./Drivers/STM32L4xx_HAL_Driver/Src/stm32l4xx_ll_tim.o
 .ARM.attributes
                0x000001e3       0x34 /Applications/ArmGNUToolchain/13.3.rel1/arm-none-eabi/bin/../lib/gcc/arm-none-eabi/13.3.1/../../../../arm-none-eabi/lib/thumb/v7e-m+fp/hard/libc_nano.a(libc_a-memset.o)
 .ARM.attributes
                0x00000217       0x34 /Applications/ArmGNUToolchain/13.3.rel1/arm-none-eabi/bin/../lib/gcc/arm-none-eabi/13.3.1/../../../../arm-none-eabi/lib/thumb/v7e-m+fp/hard/libc_nano.a(libc_a-init.o)
 .ARM.attributes
                0x0000024b       0x34 /Applications/ArmGNUToolchain/13.3.rel1/arm-none-eabi/bin/../lib/gcc/arm-none-eabi/13.3.1/thumb/v7e-m+fp/hard/crtend.o
 .ARM.attributes
                0x0000027f       0x22 /Applications/ArmGNUToolchain/13.3.rel1/arm-none-eabi/bin/../lib/gcc/arm-none-eabi/13.3.1/thumb/v7e-m+fp/hard/crtn.o
OUTPUT(nucleo_fram_dev.elf elf32-littlearm)
LOAD linker stubs
LOAD /Applications/ArmGNUToolchain/13.3.rel1/arm-none-eabi/bin/../lib/gcc/arm-none-eabi/13.3.1/../../../../arm-none-eabi/lib/thumb/v7e-m+fp/hard/libc.a
LOAD /Applications/ArmGNUToolchain/13.3.rel1/arm-none-eabi/bin/../lib/gcc/arm-none-eabi/13.3.1/../../../../arm-none-eabi/lib/thumb/v7e-m+fp/hard/libm.a
LOAD /Applications/ArmGNUToolchain/13.3.rel1/arm-none-eabi/bin/../lib/gcc/arm-none-eabi/13.3.1/thumb/v7e-m+fp/hard/libgcc.a

.debug_info     0x00000000     0x4f25
 .debug_info    0x00000000     0x1b9a ./Core/Src/main.o
 .debug_info    0x00001b9a      0x1ae ./Core/Src/stm32l4xx_it.o
 .debug_info    0x00001d48      0x5b8 ./Core/Src/system_stm32l4xx.o
 .debug_info    0x00002300       0x30 ./Core/Startup/startup_stm32l412r8tx.o
 .debug_info    0x00002330      0x94b ./Drivers/STM32L4xx_HAL_Driver/Src/stm32l4xx_ll_gpio.o
 .debug_info    0x00002c7b      0x584 ./Drivers/STM32L4xx_HAL_Driver/Src/stm32l4xx_ll_spi.o
 .debug_info    0x000031ff      0xbca ./Drivers/STM32L4xx_HAL_Driver/Src/stm32l4xx_ll_utils.o
 .debug_info    0x00003dc9     0x115c ./Drivers/STM32L4xx_HAL_Driver/Src/stm32l4xx_ll_tim.o

.debug_abbrev   0x00000000      0xd0f
 .debug_abbrev  0x00000000      0x322 ./Core/Src/main.o
 .debug_abbrev  0x00000322       0x81 ./Core/Src/stm32l4xx_it.o
 .debug_abbrev  0x000003a3      0x11a ./Core/Src/system_stm32l4xx.o
 .debug_abbrev  0x000004bd       0x24 ./Core/Startup/startup_stm32l412r8tx.o
 .debug_abbrev  0x000004e1      0x235 ./Drivers/STM32L4xx_HAL_Driver/Src/stm32l4xx_ll_gpio.o
 .debug_abbrev  0x00000716      0x18d ./Drivers/STM32L4xx_HAL_Driver/Src/stm32l4xx_ll_spi.o
 .debug_abbrev  0x000008a3      0x25f ./Drivers/STM32L4xx_HAL_Driver/Src/stm32l4xx_ll_utils.o
 .debug_abbrev  0x00000b02      0x20d ./Drivers/STM32L4xx_HAL_Driver/Src/stm32l4xx_ll_tim.o

.debug_aranges  0x00000000      0x5b0
 .debug_aranges
                0x00000000      0x1b8 ./Core/Src/main.o
 .debug_aranges
                0x000001b8       0x60 ./Core/Src/stm32l4xx_it.o
 .debug_aranges
                0x00000218       0x28 ./Core/Src/system_stm32l4xx.o
 .debug_aranges
                0x00000240       0x28 ./Core/Startup/startup_stm32l412r8tx.o
 .debug_aranges
                0x00000268       0x70 ./Drivers/STM32L4xx_HAL_Driver/Src/stm32l4xx_ll_gpio.o
 .debug_aranges
                0x000002d8       0x68 ./Drivers/STM32L4xx_HAL_Driver/Src/stm32l4xx_ll_spi.o
 .debug_aranges
                0x00000340      0x128 ./Drivers/STM32L4xx_HAL_Driver/Src/stm32l4xx_ll_utils.o
 .debug_aranges
                0x00000468      0x148 ./Drivers/STM32L4xx_HAL_Driver/Src/stm32l4xx_ll_tim.o

.debug_rnglists
                0x00000000      0x435
 .debug_rnglists
                0x00000000      0x14a ./Core/Src/main.o
 .debug_rnglists
                0x0000014a       0x43 ./Core/Src/stm32l4xx_it.o
 .debug_rnglists
                0x0000018d       0x1a ./Core/Src/system_stm32l4xx.o
 .debug_rnglists
                0x000001a7       0x19 ./Core/Startup/startup_stm32l412r8tx.o
 .debug_rnglists
                0x000001c0       0x51 ./Drivers/STM32L4xx_HAL_Driver/Src/stm32l4xx_ll_gpio.o
 .debug_rnglists
                0x00000211       0x4a ./Drivers/STM32L4xx_HAL_Driver/Src/stm32l4xx_ll_spi.o
 .debug_rnglists
                0x0000025b       0xdc ./Drivers/STM32L4xx_HAL_Driver/Src/stm32l4xx_ll_utils.o
 .debug_rnglists
                0x00000337       0xfe ./Drivers/STM32L4xx_HAL_Driver/Src/stm32l4xx_ll_tim.o

.debug_macro    0x00000000    0x14dad
 .debug_macro   0x00000000      0x2da ./Core/Src/main.o
 .debug_macro   0x000002da      0xb1a ./Core/Src/main.o
 .debug_macro   0x00000df4       0x22 ./Core/Src/main.o
 .debug_macro   0x00000e16       0x8e ./Core/Src/main.o
 .debug_macro   0x00000ea4       0x51 ./Core/Src/main.o
 .debug_macro   0x00000ef5      0x103 ./Core/Src/main.o
 .debug_macro   0x00000ff8       0x6a ./Core/Src/main.o
 .debug_macro   0x00001062      0x1df ./Core/Src/main.o
 .debug_macro   0x00001241       0x2e ./Core/Src/main.o
 .debug_macro   0x0000126f       0x28 ./Core/Src/main.o
 .debug_macro   0x00001297       0x1c ./Core/Src/main.o
 .debug_macro   0x000012b3       0x22 ./Core/Src/main.o
 .debug_macro   0x000012d5       0xfb ./Core/Src/main.o
 .debug_macro   0x000013d0     0x1011 ./Core/Src/main.o
 .debug_macro   0x000023e1      0x11f ./Core/Src/main.o
 .debug_macro   0x00002500     0xe4b1 ./Core/Src/main.o
 .debug_macro   0x000109b1       0x6d ./Core/Src/main.o
 .debug_macro   0x00010a1e       0xca ./Core/Src/main.o
 .debug_macro   0x00010ae8      0x563 ./Core/Src/main.o
 .debug_macro   0x0001104b      0x15a ./Core/Src/main.o
 .debug_macro   0x000111a5      0x233 ./Core/Src/main.o
 .debug_macro   0x000113d8      0x148 ./Core/Src/main.o
 .debug_macro   0x00011520      0x1a6 ./Core/Src/main.o
 .debug_macro   0x000116c6       0xa7 ./Core/Src/main.o
 .debug_macro   0x0001176d      0x1f2 ./Core/Src/main.o
 .debug_macro   0x0001195f      0x2cb ./Core/Src/main.o
 .debug_macro   0x00011c2a      0x1d8 ./Core/Src/main.o
 .debug_macro   0x00011e02      0x904 ./Core/Src/main.o
 .debug_macro   0x00012706      0x169 ./Core/Src/main.o
 .debug_macro   0x0001286f       0x22 ./Core/Src/main.o
 .debug_macro   0x00012891       0x22 ./Core/Src/main.o
 .debug_macro   0x000128b3       0x61 ./Core/Src/main.o
 .debug_macro   0x00012914       0x2a ./Core/Src/main.o
 .debug_macro   0x0001293e       0x43 ./Core/Src/main.o
 .debug_macro   0x00012981       0x34 ./Core/Src/main.o
 .debug_macro   0x000129b5      0x190 ./Core/Src/main.o
 .debug_macro   0x00012b45      0x370 ./Core/Src/main.o
 .debug_macro   0x00012eb5       0x16 ./Core/Src/main.o
 .debug_macro   0x00012ecb       0x4a ./Core/Src/main.o
 .debug_macro   0x00012f15       0x34 ./Core/Src/main.o
 .debug_macro   0x00012f49       0x10 ./Core/Src/main.o
 .debug_macro   0x00012f59       0x58 ./Core/Src/main.o
 .debug_macro   0x00012fb1       0x8e ./Core/Src/main.o
 .debug_macro   0x0001303f       0x1c ./Core/Src/main.o
 .debug_macro   0x0001305b      0x185 ./Core/Src/main.o
 .debug_macro   0x000131e0       0x10 ./Core/Src/main.o
 .debug_macro   0x000131f0       0x3c ./Core/Src/main.o
 .debug_macro   0x0001322c       0x10 ./Core/Src/main.o
 .debug_macro   0x0001323c      0x460 ./Core/Src/main.o
 .debug_macro   0x0001369c       0x16 ./Core/Src/main.o
 .debug_macro   0x000136b2       0x16 ./Core/Src/main.o
 .debug_macro   0x000136c8       0x29 ./Core/Src/main.o
 .debug_macro   0x000136f1       0x16 ./Core/Src/main.o
 .debug_macro   0x00013707       0x1c ./Core/Src/main.o
 .debug_macro   0x00013723       0x10 ./Core/Src/main.o
 .debug_macro   0x00013733       0x1c ./Core/Src/main.o
 .debug_macro   0x0001374f       0x16 ./Core/Src/main.o
 .debug_macro   0x00013765      0x146 ./Core/Src/main.o
 .debug_macro   0x000138ab       0x34 ./Core/Src/main.o
 .debug_macro   0x000138df       0x3a ./Core/Src/main.o
 .debug_macro   0x00013919       0x4c ./Core/Src/main.o
 .debug_macro   0x00013965      0x158 ./Core/Src/stm32l4xx_it.o
 .debug_macro   0x00013abd       0xcd ./Core/Src/system_stm32l4xx.o
 .debug_macro   0x00013b8a      0x10f ./Drivers/STM32L4xx_HAL_Driver/Src/stm32l4xx_ll_gpio.o
 .debug_macro   0x00013c99      0x163 ./Drivers/STM32L4xx_HAL_Driver/Src/stm32l4xx_ll_gpio.o
 .debug_macro   0x00013dfc      0x12d ./Drivers/STM32L4xx_HAL_Driver/Src/stm32l4xx_ll_spi.o
 .debug_macro   0x00013f29      0x1d2 ./Drivers/STM32L4xx_HAL_Driver/Src/stm32l4xx_ll_spi.o
 .debug_macro   0x000140fb      0x19d ./Drivers/STM32L4xx_HAL_Driver/Src/stm32l4xx_ll_utils.o
 .debug_macro   0x00014298       0xa1 ./Drivers/STM32L4xx_HAL_Driver/Src/stm32l4xx_ll_utils.o
 .debug_macro   0x00014339      0x176 ./Drivers/STM32L4xx_HAL_Driver/Src/stm32l4xx_ll_tim.o
 .debug_macro   0x000144af      0x8fe ./Drivers/STM32L4xx_HAL_Driver/Src/stm32l4xx_ll_tim.o

.debug_line     0x00000000     0x3559
 .debug_line    0x00000000      0xe27 ./Core/Src/main.o
 .debug_line    0x00000e27      0x4d1 ./Core/Src/stm32l4xx_it.o
 .debug_line    0x000012f8      0x383 ./Core/Src/system_stm32l4xx.o
 .debug_line    0x0000167b       0x7a ./Core/Startup/startup_stm32l412r8tx.o
 .debug_line    0x000016f5      0x69c ./Drivers/STM32L4xx_HAL_Driver/Src/stm32l4xx_ll_gpio.o
 .debug_line    0x00001d91      0x487 ./Drivers/STM32L4xx_HAL_Driver/Src/stm32l4xx_ll_spi.o
 .debug_line    0x00002218      0x943 ./Drivers/STM32L4xx_HAL_Driver/Src/stm32l4xx_ll_utils.o
 .debug_line    0x00002b5b      0x9fe ./Drivers/STM32L4xx_HAL_Driver/Src/stm32l4xx_ll_tim.o

.debug_str      0x00000000    0x7496c
 .debug_str     0x00000000    0x7496c ./Core/Src/main.o
                              0x712b1 (size before relaxing)
 .debug_str     0x0007496c    0x6b2e5 ./Core/Src/stm32l4xx_it.o
 .debug_str     0x0007496c    0x5d46a ./Core/Src/system_stm32l4xx.o
 .debug_str     0x0007496c       0x9e ./Core/Startup/startup_stm32l412r8tx.o
 .debug_str     0x0007496c    0x5eb68 ./Drivers/STM32L4xx_HAL_Driver/Src/stm32l4xx_ll_gpio.o
 .debug_str     0x0007496c    0x5f235 ./Drivers/STM32L4xx_HAL_Driver/Src/stm32l4xx_ll_spi.o
 .debug_str     0x0007496c    0x62d55 ./Drivers/STM32L4xx_HAL_Driver/Src/stm32l4xx_ll_utils.o
 .debug_str     0x0007496c    0x641bd ./Drivers/STM32L4xx_HAL_Driver/Src/stm32l4xx_ll_tim.o

.comment        0x00000000       0x45
 .comment       0x00000000       0x45 ./Core/Src/main.o
                                 0x46 (size before relaxing)
 .comment       0x00000045       0x46 ./Core/Src/stm32l4xx_it.o
 .comment       0x00000045       0x46 ./Core/Src/system_stm32l4xx.o
 .comment       0x00000045       0x46 ./Drivers/STM32L4xx_HAL_Driver/Src/stm32l4xx_ll_gpio.o
 .comment       0x00000045       0x46 ./Drivers/STM32L4xx_HAL_Driver/Src/stm32l4xx_ll_spi.o
 .comment       0x00000045       0x46 ./Drivers/STM32L4xx_HAL_Driver/Src/stm32l4xx_ll_utils.o
 .comment       0x00000045       0x46 ./Drivers/STM32L4xx_HAL_Driver/Src/stm32l4xx_ll_tim.o

.debug_frame    0x00000000     0x1750
 .debug_frame   0x00000000      0x7c0 ./Core/Src/main.o
 .debug_frame   0x000007c0      0x108 ./Core/Src/stm32l4xx_it.o
 .debug_frame   0x000008c8       0x58 ./Core/Src/system_stm32l4xx.o
 .debug_frame   0x00000920      0x1c0 ./Drivers/STM32L4xx_HAL_Driver/Src/stm32l4xx_ll_gpio.o
 .debug_frame   0x00000ae0      0x198 ./Drivers/STM32L4xx_HAL_Driver/Src/stm32l4xx_ll_spi.o
 .debug_frame   0x00000c78      0x4bc ./Drivers/STM32L4xx_HAL_Driver/Src/stm32l4xx_ll_utils.o
 .debug_frame   0x00001134      0x5d0 ./Drivers/STM32L4xx_HAL_Driver/Src/stm32l4xx_ll_tim.o
 .debug_frame   0x00001704       0x20 /Applications/ArmGNUToolchain/13.3.rel1/arm-none-eabi/bin/../lib/gcc/arm-none-eabi/13.3.1/../../../../arm-none-eabi/lib/thumb/v7e-m+fp/hard/libc_nano.a(libc_a-memset.o)
 .debug_frame   0x00001724       0x2c /Applications/ArmGNUToolchain/13.3.rel1/arm-none-eabi/bin/../lib/gcc/arm-none-eabi/13.3.1/../../../../arm-none-eabi/lib/thumb/v7e-m+fp/hard/libc_nano.a(libc_a-init.o)

.debug_line_str
                0x00000000       0x82
 .debug_line_str
                0x00000000       0x82 ./Core/Startup/startup_stm32l412r8tx.o
